Archive member included to satisfy reference by file (symbol)

c:/program files (x86)/gnu arm embedded toolchain/10 2021.10/bin/../lib/gcc/arm-none-eabi/10.3.1/thumb/v6-m/nofp\libgcc.a(_dvmd_tls.o)
                              CMakeFiles/02_control.dir/C_/Repositories/pico/pico-sdk/src/rp2_common/pico_divider/divider_hardware.S.obj (__aeabi_idiv0)
c:/program files (x86)/gnu arm embedded toolchain/10 2021.10/bin/../lib/gcc/arm-none-eabi/10.3.1/../../../../arm-none-eabi/lib/thumb/v6-m/nofp\libg.a(lib_a-calloc.o)
                              CMakeFiles/02_control.dir/C_/Repositories/pico/pico-sdk/src/rp2_common/pico_malloc/malloc.c.obj (calloc)
c:/program files (x86)/gnu arm embedded toolchain/10 2021.10/bin/../lib/gcc/arm-none-eabi/10.3.1/../../../../arm-none-eabi/lib/thumb/v6-m/nofp\libg.a(lib_a-callocr.o)
                              c:/program files (x86)/gnu arm embedded toolchain/10 2021.10/bin/../lib/gcc/arm-none-eabi/10.3.1/../../../../arm-none-eabi/lib/thumb/v6-m/nofp\libg.a(lib_a-calloc.o) (_calloc_r)
c:/program files (x86)/gnu arm embedded toolchain/10 2021.10/bin/../lib/gcc/arm-none-eabi/10.3.1/../../../../arm-none-eabi/lib/thumb/v6-m/nofp\libg.a(lib_a-errno.o)
                              c:/program files (x86)/gnu arm embedded toolchain/10 2021.10/bin/../lib/gcc/arm-none-eabi/10.3.1/../../../../arm-none-eabi/lib/thumb/v6-m/nofp\libg.a(lib_a-callocr.o) (__errno)
c:/program files (x86)/gnu arm embedded toolchain/10 2021.10/bin/../lib/gcc/arm-none-eabi/10.3.1/../../../../arm-none-eabi/lib/thumb/v6-m/nofp\libg.a(lib_a-impure.o)
                              c:/program files (x86)/gnu arm embedded toolchain/10 2021.10/bin/../lib/gcc/arm-none-eabi/10.3.1/../../../../arm-none-eabi/lib/thumb/v6-m/nofp\libg.a(lib_a-calloc.o) (_impure_ptr)
c:/program files (x86)/gnu arm embedded toolchain/10 2021.10/bin/../lib/gcc/arm-none-eabi/10.3.1/../../../../arm-none-eabi/lib/thumb/v6-m/nofp\libg.a(lib_a-init.o)
                              c:/program files (x86)/gnu arm embedded toolchain/10 2021.10/bin/../lib/gcc/arm-none-eabi/10.3.1/../../../../arm-none-eabi/lib/thumb/v6-m/nofp/crt0.o (__libc_init_array)
c:/program files (x86)/gnu arm embedded toolchain/10 2021.10/bin/../lib/gcc/arm-none-eabi/10.3.1/../../../../arm-none-eabi/lib/thumb/v6-m/nofp\libg.a(lib_a-lcltime_r.o)
                              CMakeFiles/02_control.dir/C_/Repositories/pico/pico-sdk/src/common/pico_util/datetime.c.obj (localtime_r)
c:/program files (x86)/gnu arm embedded toolchain/10 2021.10/bin/../lib/gcc/arm-none-eabi/10.3.1/../../../../arm-none-eabi/lib/thumb/v6-m/nofp\libg.a(lib_a-malloc.o)
                              CMakeFiles/02_control.dir/C_/Repositories/pico/pico-sdk/src/rp2_common/pico_malloc/malloc.c.obj (malloc)
c:/program files (x86)/gnu arm embedded toolchain/10 2021.10/bin/../lib/gcc/arm-none-eabi/10.3.1/../../../../arm-none-eabi/lib/thumb/v6-m/nofp\libg.a(lib_a-mallocr.o)
                              c:/program files (x86)/gnu arm embedded toolchain/10 2021.10/bin/../lib/gcc/arm-none-eabi/10.3.1/../../../../arm-none-eabi/lib/thumb/v6-m/nofp\libg.a(lib_a-callocr.o) (_malloc_r)
c:/program files (x86)/gnu arm embedded toolchain/10 2021.10/bin/../lib/gcc/arm-none-eabi/10.3.1/../../../../arm-none-eabi/lib/thumb/v6-m/nofp\libg.a(lib_a-memcmp.o)
                              CMakeFiles/02_control.dir/C_/Repositories/pico/pico-sdk/src/rp2_common/pico_atomic/atomic.c.obj (memcmp)
c:/program files (x86)/gnu arm embedded toolchain/10 2021.10/bin/../lib/gcc/arm-none-eabi/10.3.1/../../../../arm-none-eabi/lib/thumb/v6-m/nofp\libg.a(lib_a-mktime.o)
                              CMakeFiles/02_control.dir/C_/Repositories/pico/pico-sdk/src/common/pico_util/datetime.c.obj (mktime)
c:/program files (x86)/gnu arm embedded toolchain/10 2021.10/bin/../lib/gcc/arm-none-eabi/10.3.1/../../../../arm-none-eabi/lib/thumb/v6-m/nofp\libg.a(lib_a-mlock.o)
                              c:/program files (x86)/gnu arm embedded toolchain/10 2021.10/bin/../lib/gcc/arm-none-eabi/10.3.1/../../../../arm-none-eabi/lib/thumb/v6-m/nofp\libg.a(lib_a-mallocr.o) (__malloc_lock)
c:/program files (x86)/gnu arm embedded toolchain/10 2021.10/bin/../lib/gcc/arm-none-eabi/10.3.1/../../../../arm-none-eabi/lib/thumb/v6-m/nofp\libg.a(lib_a-month_lengths.o)
                              c:/program files (x86)/gnu arm embedded toolchain/10 2021.10/bin/../lib/gcc/arm-none-eabi/10.3.1/../../../../arm-none-eabi/lib/thumb/v6-m/nofp\libg.a(lib_a-lcltime_r.o) (__month_lengths)
c:/program files (x86)/gnu arm embedded toolchain/10 2021.10/bin/../lib/gcc/arm-none-eabi/10.3.1/../../../../arm-none-eabi/lib/thumb/v6-m/nofp\libg.a(lib_a-realloc.o)
                              CMakeFiles/02_control.dir/C_/Repositories/pico/pico-sdk/src/rp2_common/pico_malloc/malloc.c.obj (realloc)
c:/program files (x86)/gnu arm embedded toolchain/10 2021.10/bin/../lib/gcc/arm-none-eabi/10.3.1/../../../../arm-none-eabi/lib/thumb/v6-m/nofp\libg.a(lib_a-reallocr.o)
[...]
Memory Configuration

Name             Origin             Length             Attributes
FLASH            0x10000000         0x00200000         xr
RAM              0x20000000         0x00040000         xrw
SCRATCH_X        0x20040000         0x00001000         xrw
SCRATCH_Y        0x20041000         0x00001000         xrw
*default*        0x00000000         0xffffffff

Linker script and memory map

LOAD c:/program files (x86)/gnu arm embedded toolchain/10 2021.10/bin/../lib/gcc/arm-none-eabi/10.3.1/thumb/v6-m/nofp/crti.o
LOAD c:/program files (x86)/gnu arm embedded toolchain/10 2021.10/bin/../lib/gcc/arm-none-eabi/10.3.1/thumb/v6-m/nofp/crtbegin.o
LOAD c:/program files (x86)/gnu arm embedded toolchain/10 2021.10/bin/../lib/gcc/arm-none-eabi/10.3.1/../../../../arm-none-eabi/lib/thumb/v6-m/nofp/crt0.o

.flash_begin    0x10000000        0x0
                0x10000000                __flash_binary_start = .

.boot2          0x10000000      0x100
                0x10000000                __boot2_start__ = .
 *(.boot2)
 .boot2         0x10000000      0x100 pico-sdk/src/rp2040/boot_stage2/CMakeFiles/bs2_default_library.dir/bs2_default_padded_checksummed.S.obj
                0x10000100                __boot2_end__ = .
                0x00000001                ASSERT (((__boot2_end__ - __boot2_start__) == 0x100), ERROR: Pico second stage bootloader must be 256 bytes in size)

.text           0x10000100     0xc064
                0x10000100                __logical_binary_start = .
 *(.vectors)
 .vectors       0x10000100       0xd4 CMakeFiles/02_control.dir/C_/Repositories/pico/pico-sdk/src/rp2_common/pico_crt0/crt0.S.obj
                0x10000100                __VECTOR_TABLE
                0x10000100                __vectors
                0x100001c0                isr_irq13
                0x100001c0                isr_irq27
                0x100001c0                isr_irq31
                0x100001c0                isr_irq12
                0x100001c0                isr_irq5
                0x100001c0                isr_irq11
                0x100001c0                isr_irq3
                0x100001c0                isr_irq23
                0x100001c0                __unhandled_user_irq
                0x100001c0                isr_irq26
                0x100001c0                isr_irq28
                0x100001c0                isr_irq19
                0x100001c0                isr_irq0
                0x100001c0                isr_irq6
                0x100001c0                isr_irq29
                0x100001c0                isr_irq16
                0x100001c0                isr_irq22
                0x100001c0                isr_irq18
                0x100001c0                isr_irq17
                0x100001c0                isr_irq14
                0x100001c0                __vectors_end
                0x100001c0                __default_isrs_start
                0x100001c0                isr_irq2
                0x100001c0                isr_irq10
                0x100001c0                isr_irq8
                0x100001c0                isr_irq24
                0x100001c0                isr_irq1
                0x100001c0                isr_irq7
                0x100001c0                isr_irq21
                0x100001c0                isr_irq20
                0x100001c0                isr_irq15
                0x100001c0                isr_irq25
                0x100001c0                isr_irq4
                0x100001c0                isr_irq30
                0x100001c0                isr_irq9
                0x100001c6                unhandled_user_irq_num_in_r0
                0x100001c8                isr_invalid
                0x100001ca                isr_nmi
                0x100001cc                isr_hardfault
                0x100001ce                isr_svcall
                0x100001d0                isr_pendsv
                0x100001d2                isr_systick
                0x100001d4                __default_isrs_end
 *(.binary_info_header)
 .binary_info_header
                0x100001d4       0x14 CMakeFiles/02_control.dir/C_/Repositories/pico/pico-sdk/src/rp2_common/pico_crt0/crt0.S.obj
                0x100001e8                __binary_info_header_end = .
 *(.embedded_block)
                0x100001e8                __embedded_block_end = .
 *(.reset)
 .reset         0x100001e8       0x9c CMakeFiles/02_control.dir/C_/Repositories/pico/pico-sdk/src/rp2_common/pico_crt0/crt0.S.obj
                0x100001e8                _entry_point
 *(.init)
 .init          0x10000284        0x4 c:/program files (x86)/gnu arm embedded toolchain/10 2021.10/bin/../lib/gcc/arm-none-eabi/10.3.1/thumb/v6-m/nofp/crti.o
                0x10000284                _init
 *(EXCLUDE_FILE(*libm.a: *libc.a:*lib_a-mem*.o *libgcc.a:) .text*)
 .text          0x10000288       0x48 c:/program files (x86)/gnu arm embedded toolchain/10 2021.10/bin/../lib/gcc/arm-none-eabi/10.3.1/thumb/v6-m/nofp/crtbegin.o
 .text.version_callback
                0x100002d0       0x1c CMakeFiles/02_control.dir/main.c.obj
                0x100002d0                version_callback
 .text.led_on_callback
                0x100002ec       0x14 CMakeFiles/02_control.dir/main.c.obj
                0x100002ec                led_on_callback
 .text.led_off_callback
                0x10000300       0x14 CMakeFiles/02_control.dir/main.c.obj
                0x10000300                led_off_callback
 .text.led_blink_callback
                0x10000314       0x14 CMakeFiles/02_control.dir/main.c.obj
                0x10000314                led_blink_callback
 .text.mem_callback
                0x10000328       0x38 CMakeFiles/02_control.dir/main.c.obj
                0x10000328                mem_callback
 .text.wmem_callback
                0x10000360       0x40 CMakeFiles/02_control.dir/main.c.obj
                0x10000360                wmem_callback
 .text.led_blink_set_period_ms_callback
                0x100003a0       0x3c CMakeFiles/02_control.dir/main.c.obj
                0x100003a0                led_blink_set_period_ms_callback
 .text.help_callback
                0x100003dc       0x3c CMakeFiles/02_control.dir/main.c.obj
                0x100003dc                help_callback
 .text.startup.main
                0x10000418       0x28 CMakeFiles/02_control.dir/main.c.obj
                0x10000418                main
 .text.stdio_task_init
                0x10000440        0xc CMakeFiles/02_control.dir/stdio-task/stdio-task.c.obj
                0x10000440                stdio_task_init
 .text.stdio_task_handle
                0x1000044c       0x60 CMakeFiles/02_control.dir/stdio-task/stdio-task.c.obj
                0x1000044c                stdio_task_handle
 .text.protocol_task_init
                0x100004ac       0x30 CMakeFiles/02_control.dir/protocol-task/protocol-task.c.obj
                0x100004ac                protocol_task_init
 .text.protocol_task_handle
                0x100004dc       0x7c CMakeFiles/02_control.dir/protocol-task/protocol-task.c.obj
                0x100004dc                protocol_task_handle
 .text.led_task_init
                0x10000558       0x30 CMakeFiles/02_control.dir/led-task/led-task.c.obj
                0x10000558                led_task_init
 .text.led_task_handle
                0x10000588       0x78 CMakeFiles/02_control.dir/led-task/led-task.c.obj
                0x10000588                led_task_handle
 .text.led_task_state_set
                0x10000600        0xc CMakeFiles/02_control.dir/led-task/led-task.c.obj
                0x10000600                led_task_state_set
 .text.led_task_set_blink_period_ms
                0x1000060c       0x18 CMakeFiles/02_control.dir/led-task/led-task.c.obj
                0x1000060c                led_task_set_blink_period_ms
 .text.gpio_init
                0x10000624       0x40 CMakeFiles/02_control.dir/C_/Repositories/pico/pico-sdk/src/rp2_common/hardware_gpio/gpio.c.obj
                0x10000624                gpio_init
 .text.rp2040_chip_version
                0x10000664        0xc CMakeFiles/02_control.dir/C_/Repositories/pico/pico-sdk/src/rp2040/pico_platform/platform.c.obj
                0x10000664                rp2040_chip_version
 .text.panic    0x10000670       0x30 CMakeFiles/02_control.dir/C_/Repositories/pico/pico-sdk/src/rp2_common/pico_platform_panic/panic.c.obj
                0x10000670                panic
 .text.hw_claim_or_assert
                0x100006a0       0x44 CMakeFiles/02_control.dir/C_/Repositories/pico/pico-sdk/src/common/hardware_claim/claim.c.obj
                0x100006a0                hw_claim_or_assert
 .text.hw_claim_unused_from_range
                0x100006e4       0x9c CMakeFiles/02_control.dir/C_/Repositories/pico/pico-sdk/src/common/hardware_claim/claim.c.obj
                0x100006e4                hw_claim_unused_from_range
 .text.next_striped_spin_lock_num
                0x10000780       0x18 CMakeFiles/02_control.dir/C_/Repositories/pico/pico-sdk/src/rp2_common/hardware_sync/sync.c.obj
                0x10000780                next_striped_spin_lock_num
 .text.spin_lock_claim_unused
                0x10000798       0x20 CMakeFiles/02_control.dir/C_/Repositories/pico/pico-sdk/src/rp2_common/hardware_sync/sync.c.obj
                0x10000798                spin_lock_claim_unused
 .text.spin_locks_reset
                0x100007b8       0x1c CMakeFiles/02_control.dir/C_/Repositories/pico/pico-sdk/src/rp2_common/hardware_sync_spin_lock/sync_spin_lock.c.obj
                0x100007b8                spin_locks_reset
 .text.runtime_init_per_core_irq_priorities
                0x100007d4       0x24 CMakeFiles/02_control.dir/C_/Repositories/pico/pico-sdk/src/rp2_common/hardware_irq/irq.c.obj
                0x100007d4                runtime_init_per_core_irq_priorities
 .text.irq_set_enabled
                0x100007f8       0x24 CMakeFiles/02_control.dir/C_/Repositories/pico/pico-sdk/src/rp2_common/hardware_irq/irq.c.obj
                0x100007f8                irq_set_enabled
 .text.irq_is_enabled
                0x1000081c       0x18 CMakeFiles/02_control.dir/C_/Repositories/pico/pico-sdk/src/rp2_common/hardware_irq/irq.c.obj
                0x1000081c                irq_is_enabled
 .text.irq_set_pending
                0x10000834       0x10 CMakeFiles/02_control.dir/C_/Repositories/pico/pico-sdk/src/rp2_common/hardware_irq/irq.c.obj
                0x10000834                irq_set_pending
 .text.irq_has_shared_handler
                0x10000844       0x24 CMakeFiles/02_control.dir/C_/Repositories/pico/pico-sdk/src/rp2_common/hardware_irq/irq.c.obj
                0x10000844                irq_has_shared_handler
 .text.irq_set_exclusive_handler
                0x10000868       0x54 CMakeFiles/02_control.dir/C_/Repositories/pico/pico-sdk/src/rp2_common/hardware_irq/irq.c.obj
                0x10000868                irq_set_exclusive_handler
 .text.irq_add_shared_handler
                0x100008bc      0x1e8 CMakeFiles/02_control.dir/C_/Repositories/pico/pico-sdk/src/rp2_common/hardware_irq/irq.c.obj
                0x100008bc                irq_add_shared_handler
 .text.irq_add_tail_to_free_list
                0x10000aa4       0xb4 CMakeFiles/02_control.dir/C_/Repositories/pico/pico-sdk/src/rp2_common/hardware_irq/irq.c.obj
                0x10000aa4                irq_add_tail_to_free_list
 .text.user_irq_claim_unused
                0x10000b58       0x28 CMakeFiles/02_control.dir/C_/Repositories/pico/pico-sdk/src/rp2_common/hardware_irq/irq.c.obj
                0x10000b58                user_irq_claim_unused
 .text.lock_init
                0x10000b80       0x10 CMakeFiles/02_control.dir/C_/Repositories/pico/pico-sdk/src/common/pico_sync/lock_core.c.obj
                0x10000b80                lock_init
 .text.runtime_init_mutex
                0x10000b90       0x58 CMakeFiles/02_control.dir/C_/Repositories/pico/pico-sdk/src/common/pico_sync/mutex.c.obj
                0x10000b90                runtime_init_mutex
 .text.mutex_init
                0x10000be8       0x1c CMakeFiles/02_control.dir/C_/Repositories/pico/pico-sdk/src/common/pico_sync/mutex.c.obj
                0x10000be8                mutex_init
 .text.critical_section_init
                0x10000c04       0x20 CMakeFiles/02_control.dir/C_/Repositories/pico/pico-sdk/src/common/pico_sync/critical_section.c.obj
                0x10000c04                critical_section_init
 .text.critical_section_init_with_lock_num
                0x10000c24       0x14 CMakeFiles/02_control.dir/C_/Repositories/pico/pico-sdk/src/common/pico_sync/critical_section.c.obj
                0x10000c24                critical_section_init_with_lock_num
 .text.sleep_until_callback
                0x10000c38       0x30 CMakeFiles/02_control.dir/C_/Repositories/pico/pico-sdk/src/common/pico_time/time.c.obj
 .text.alarm_pool_irq_handler
                0x10000c68      0x308 CMakeFiles/02_control.dir/C_/Repositories/pico/pico-sdk/src/common/pico_time/time.c.obj
 .text.runtime_init_default_alarm_pool
                0x10000f70       0xdc CMakeFiles/02_control.dir/C_/Repositories/pico/pico-sdk/src/common/pico_time/time.c.obj
                0x10000f70                runtime_init_default_alarm_pool
 .text.alarm_pool_get_default
                0x1000104c        0x8 CMakeFiles/02_control.dir/C_/Repositories/pico/pico-sdk/src/common/pico_time/time.c.obj
                0x1000104c                alarm_pool_get_default
 .text.alarm_pool_add_alarm_at
                0x10001054       0xc8 CMakeFiles/02_control.dir/C_/Repositories/pico/pico-sdk/src/common/pico_time/time.c.obj
                0x10001054                alarm_pool_add_alarm_at
 .text.alarm_pool_add_alarm_at_force_in_context
                0x1000111c       0xb0 CMakeFiles/02_control.dir/C_/Repositories/pico/pico-sdk/src/common/pico_time/time.c.obj
                0x1000111c                alarm_pool_add_alarm_at_force_in_context
 .text.alarm_pool_cancel_alarm
                0x100011cc       0x7c CMakeFiles/02_control.dir/C_/Repositories/pico/pico-sdk/src/common/pico_time/time.c.obj
                0x100011cc                alarm_pool_cancel_alarm
 .text.alarm_pool_core_num
                0x10001248        0x4 CMakeFiles/02_control.dir/C_/Repositories/pico/pico-sdk/src/common/pico_time/time.c.obj
                0x10001248                alarm_pool_core_num
 .text.best_effort_wfe_or_timeout
                0x1000124c       0xfc CMakeFiles/02_control.dir/C_/Repositories/pico/pico-sdk/src/common/pico_time/time.c.obj
                0x1000124c                best_effort_wfe_or_timeout
 .text.timer_hardware_alarm_claim
                0x10001348       0x14 CMakeFiles/02_control.dir/C_/Repositories/pico/pico-sdk/src/rp2_common/hardware_timer/timer.c.obj
                0x10001348                timer_hardware_alarm_claim
 .text.timer_time_us_64
                0x1000135c       0x10 CMakeFiles/02_control.dir/C_/Repositories/pico/pico-sdk/src/rp2_common/hardware_timer/timer.c.obj
                0x1000135c                timer_time_us_64
 .text.time_us_64
                0x1000136c       0x14 CMakeFiles/02_control.dir/C_/Repositories/pico/pico-sdk/src/rp2_common/hardware_timer/timer.c.obj
                0x1000136c                time_us_64
 .text.busy_wait_us
                0x10001380       0x54 CMakeFiles/02_control.dir/C_/Repositories/pico/pico-sdk/src/rp2_common/hardware_timer/timer.c.obj
                0x10001380                busy_wait_us
 .text.clock_configure_int_divider
                0x100013d4       0xf4 CMakeFiles/02_control.dir/C_/Repositories/pico/pico-sdk/src/rp2_common/hardware_clocks/clocks.c.obj
                0x100013d4                clock_configure_int_divider
 .text.clock_configure_undivided
                0x100014c8       0xe8 CMakeFiles/02_control.dir/C_/Repositories/pico/pico-sdk/src/rp2_common/hardware_clocks/clocks.c.obj
                0x100014c8                clock_configure_undivided
 .text.clock_get_hz
                0x100015b0        0xc CMakeFiles/02_control.dir/C_/Repositories/pico/pico-sdk/src/rp2_common/hardware_clocks/clocks.c.obj
                0x100015b0                clock_get_hz
 .text.pll_init
                0x100015bc       0xa0 CMakeFiles/02_control.dir/C_/Repositories/pico/pico-sdk/src/rp2_common/hardware_pll/pll.c.obj
                0x100015bc                pll_init
 .text.watchdog_reboot
                0x1000165c       0x98 CMakeFiles/02_control.dir/C_/Repositories/pico/pico-sdk/src/rp2_common/hardware_watchdog/watchdog.c.obj
                0x1000165c                watchdog_reboot
 .text.tick_start
                0x100016f4       0x10 CMakeFiles/02_control.dir/C_/Repositories/pico/pico-sdk/src/rp2_common/hardware_ticks/ticks.c.obj
                0x100016f4                tick_start
 .text.rom_func_lookup
                0x10001704       0x10 CMakeFiles/02_control.dir/C_/Repositories/pico/pico-sdk/src/rp2_common/pico_bootrom/bootrom.c.obj
                0x10001704                rom_func_lookup
 .text.rom_data_lookup
                0x10001714       0x10 CMakeFiles/02_control.dir/C_/Repositories/pico/pico-sdk/src/rp2_common/pico_bootrom/bootrom.c.obj
                0x10001714                rom_data_lookup
 .text.rom_funcs_lookup
                0x10001724       0x44 CMakeFiles/02_control.dir/C_/Repositories/pico/pico-sdk/src/rp2_common/pico_bootrom/bootrom.c.obj
                0x10001724                rom_funcs_lookup
 .text.rom_reset_usb_boot_extra
                0x10001768       0x28 CMakeFiles/02_control.dir/C_/Repositories/pico/pico-sdk/src/rp2_common/pico_bootrom/bootrom.c.obj
                0x10001768                rom_reset_usb_boot_extra
 .text.xosc_init
                0x10001790       0x28 CMakeFiles/02_control.dir/C_/Repositories/pico/pico-sdk/src/rp2_common/hardware_xosc/xosc.c.obj
                0x10001790                xosc_init
 .text.first_per_core_initializer
                0x100017b8        0x4 CMakeFiles/02_control.dir/C_/Repositories/pico/pico-sdk/src/rp2_common/pico_runtime/runtime.c.obj
 .text.hard_assertion_failure
                0x100017bc        0xc CMakeFiles/02_control.dir/C_/Repositories/pico/pico-sdk/src/rp2_common/pico_runtime/runtime.c.obj
                0x100017bc                hard_assertion_failure
 .text.runtime_run_initializers
                0x100017c8       0x28 CMakeFiles/02_control.dir/C_/Repositories/pico/pico-sdk/src/rp2_common/pico_runtime/runtime.c.obj
                0x100017c8                runtime_run_initializers
 .text.runtime_init_early_resets
                0x100017f0       0x2c CMakeFiles/02_control.dir/C_/Repositories/pico/pico-sdk/src/rp2_common/pico_runtime_init/runtime_init.c.obj
                0x100017f0                runtime_init_early_resets
 .text.runtime_init_usb_power_down
                0x1000181c       0x1c CMakeFiles/02_control.dir/C_/Repositories/pico/pico-sdk/src/rp2_common/pico_runtime_init/runtime_init.c.obj
                0x1000181c                runtime_init_usb_power_down
 .text.runtime_init_post_clock_resets
                0x10001838       0x20 CMakeFiles/02_control.dir/C_/Repositories/pico/pico-sdk/src/rp2_common/pico_runtime_init/runtime_init.c.obj
                0x10001838                runtime_init_post_clock_resets
 .text.runtime_init_rp2040_gpio_ie_disable
                0x10001858       0x14 CMakeFiles/02_control.dir/C_/Repositories/pico/pico-sdk/src/rp2_common/pico_runtime_init/runtime_init.c.obj
                0x10001858                runtime_init_rp2040_gpio_ie_disable
 .text.runtime_init_spin_locks_reset
                0x1000186c        0x8 CMakeFiles/02_control.dir/C_/Repositories/pico/pico-sdk/src/rp2_common/pico_runtime_init/runtime_init.c.obj
                0x1000186c                runtime_init_spin_locks_reset
 .text.runtime_init_install_ram_vector_table
                0x10001874       0xcc CMakeFiles/02_control.dir/C_/Repositories/pico/pico-sdk/src/rp2_common/pico_runtime_init/runtime_init.c.obj
                0x10001874                runtime_init_install_ram_vector_table
 .text.runtime_init_clocks
                0x10001940       0xd8 CMakeFiles/02_control.dir/C_/Repositories/pico/pico-sdk/src/rp2_common/pico_runtime_init/runtime_init_clocks.c.obj
                0x10001940                runtime_init_clocks
 .text          0x10001a18       0x10 CMakeFiles/02_control.dir/C_/Repositories/pico/pico-sdk/src/rp2_common/pico_bit_ops/bit_ops_aeabi.S.obj
 .text.__wrap___aeabi_idiv
                0x10001a28       0x50 CMakeFiles/02_control.dir/C_/Repositories/pico/pico-sdk/src/rp2_common/pico_divider/divider_hardware.S.obj
                0x10001a28                __wrap___aeabi_idivmod
                0x10001a28                divmod_s32s32
                0x10001a28                div_s32s32
                0x10001a28                __wrap___aeabi_idiv
                0x10001a30                divmod_s32s32_unsafe
                0x10001a5c                divmod_s32s32_savestate
 .text.__wrap___aeabi_uidiv
                0x10001a78       0x4c CMakeFiles/02_control.dir/C_/Repositories/pico/pico-sdk/src/rp2_common/pico_divider/divider_hardware.S.obj
                0x10001a78                __wrap___aeabi_uidiv
                0x10001a78                __wrap___aeabi_uidivmod
                0x10001a78                div_u32u32
                0x10001a78                divmod_u32u32
                0x10001a80                divmod_u32u32_unsafe
                0x10001aa8                divmod_u32u32_savestate
 .text.__wrap___aeabi_ldiv
                0x10001ac4      0x424 CMakeFiles/02_control.dir/C_/Repositories/pico/pico-sdk/src/rp2_common/pico_divider/divider_hardware.S.obj
                0x10001ac4                div_s64s64
                0x10001ac4                divmod_s64s64
                0x10001ac4                __wrap___aeabi_ldivmod
                0x10001af4                divmod_u64u64
                0x10001af4                div_u64u64
                0x10001af4                __wrap___aeabi_uldivmod
                0x10001b04                divmod_u64u64_savestate
                0x10001b24                divmod_s64s64_unsafe
                0x10001bac                divmod_u64u64_unsafe
 .text.__wrap___aeabi_darithmetic
                0x10001ee8       0x80 CMakeFiles/02_control.dir/C_/Repositories/pico/pico-sdk/src/rp2_common/pico_double/double_aeabi_rp2040.S.obj
                0x10001ee8                __wrap___aeabi_drsub
                0x10001eee                __wrap___aeabi_dsub
                0x10001f00                __wrap___aeabi_dadd
                0x10001f12                __wrap___aeabi_ddiv
                0x10001f4e                __wrap___aeabi_dmul
 .text.__wrap___aeabi_cdcmple
                0x10001f68       0x6c CMakeFiles/02_control.dir/C_/Repositories/pico/pico-sdk/src/rp2_common/pico_double/double_aeabi_rp2040.S.obj
                0x10001f68                __wrap___aeabi_cdrcmple
                0x10001f78                __wrap___aeabi_cdcmpeq
                0x10001f78                __wrap___aeabi_cdcmple
 .text.__wrap___aeabi_dcmpeq
                0x10001fd4       0x10 CMakeFiles/02_control.dir/C_/Repositories/pico/pico-sdk/src/rp2_common/pico_double/double_aeabi_rp2040.S.obj
                0x10001fd4                __wrap___aeabi_dcmpeq
 .text.__wrap___aeabi_dcmplt
                0x10001fe4        0xc CMakeFiles/02_control.dir/C_/Repositories/pico/pico-sdk/src/rp2_common/pico_double/double_aeabi_rp2040.S.obj
                0x10001fe4                __wrap___aeabi_dcmplt
 .text.__wrap___aeabi_dcmple
                0x10001ff0       0x10 CMakeFiles/02_control.dir/C_/Repositories/pico/pico-sdk/src/rp2_common/pico_double/double_aeabi_rp2040.S.obj
                0x10001ff0                __wrap___aeabi_dcmple
 .text.__wrap___aeabi_dcmpge
                0x10002000       0x10 CMakeFiles/02_control.dir/C_/Repositories/pico/pico-sdk/src/rp2_common/pico_double/double_aeabi_rp2040.S.obj
                0x10002000                __wrap___aeabi_dcmpge
 .text.__wrap___aeabi_dcmpgt
                0x10002010        0xa CMakeFiles/02_control.dir/C_/Repositories/pico/pico-sdk/src/rp2_common/pico_double/double_aeabi_rp2040.S.obj
                0x10002010                __wrap___aeabi_dcmpgt
 .text.__wrap___aeabi_dcmpun
                0x1000201a       0x18 CMakeFiles/02_control.dir/C_/Repositories/pico/pico-sdk/src/rp2_common/pico_double/double_aeabi_rp2040.S.obj
                0x1000201a                __wrap___aeabi_dcmpun
 *fill*         0x10002032        0x2 
 .text.__wrap___aeabi_i2d
                0x10002034       0x38 CMakeFiles/02_control.dir/C_/Repositories/pico/pico-sdk/src/rp2_common/pico_double/double_aeabi_rp2040.S.obj
                0x10002034                uint2double
                0x10002034                __wrap___aeabi_ui2d
                0x1000203c                int2double
                0x1000203c                __wrap___aeabi_i2d
 .text.__wrap___aeabi_d2iz
                0x1000206c       0x48 CMakeFiles/02_control.dir/C_/Repositories/pico/pico-sdk/src/rp2_common/pico_double/double_aeabi_rp2040.S.obj
                0x1000206c                double2int_z
                0x1000206c                __wrap___aeabi_d2iz
 .text.__wrap___aeabi_d2uiz
                0x100020b4       0x18 CMakeFiles/02_control.dir/C_/Repositories/pico/pico-sdk/src/rp2_common/pico_double/double_aeabi_rp2040.S.obj
                0x100020b4                double2uint
                0x100020b4                __wrap___aeabi_d2uiz
                0x100020b4                double2uint_z
 .text.__wrap___aeabi_l2d
                0x100020cc       0x18 CMakeFiles/02_control.dir/C_/Repositories/pico/pico-sdk/src/rp2_common/pico_double/double_aeabi_rp2040.S.obj
                0x100020cc                int642double
                0x100020cc                __wrap___aeabi_l2d
 .text.__wrap___aeabi_d2lz
                0x100020e4       0x26 CMakeFiles/02_control.dir/C_/Repositories/pico/pico-sdk/src/rp2_common/pico_double/double_aeabi_rp2040.S.obj
                0x100020e4                double2int64_z
                0x100020e4                __wrap___aeabi_d2lz
 *fill*         0x1000210a        0x2 
 .text.double2int64
                0x1000210c       0x18 CMakeFiles/02_control.dir/C_/Repositories/pico/pico-sdk/src/rp2_common/pico_double/double_aeabi_rp2040.S.obj
                0x1000210c                double2int64
 .text.double2ufix64
                0x10002124       0x18 CMakeFiles/02_control.dir/C_/Repositories/pico/pico-sdk/src/rp2_common/pico_double/double_aeabi_rp2040.S.obj
                0x10002124                double2ufix64_z
                0x10002124                double2ufix64
 .text.__wrap___aeabi_d2f
                0x1000213c       0x18 CMakeFiles/02_control.dir/C_/Repositories/pico/pico-sdk/src/rp2_common/pico_double/double_aeabi_rp2040.S.obj
                0x1000213c                __wrap___aeabi_d2f
 .text.__aeabi_double_init
                0x10002154       0xa0 CMakeFiles/02_control.dir/C_/Repositories/pico/pico-sdk/src/rp2_common/pico_double/double_init_rom_rp2040.c.obj
                0x10002154                __aeabi_double_init
 .text.double_table_shim_on_use_helper
                0x100021f4       0x2c CMakeFiles/02_control.dir/C_/Repositories/pico/pico-sdk/src/rp2_common/pico_double/double_v1_rom_shim_rp2040.S.obj
                0x100021f4                double_table_shim_on_use_helper
 .text.__wrap___aeabi_dsub
                0x10002220       0x10 CMakeFiles/02_control.dir/C_/Repositories/pico/pico-sdk/src/rp2_common/pico_double/double_v1_rom_shim_rp2040.S.obj
                0x10002220                drsub_shim
                0x10002226                dsub_shim
 .text.dadd_shim
                0x10002230      0x15c CMakeFiles/02_control.dir/C_/Repositories/pico/pico-sdk/src/rp2_common/pico_double/double_v1_rom_shim_rp2040.S.obj
                0x10002230                dadd_shim
 .text.dmul_shim
                0x1000238c      0x15c CMakeFiles/02_control.dir/C_/Repositories/pico/pico-sdk/src/rp2_common/pico_double/double_v1_rom_shim_rp2040.S.obj
                0x1000238c                dmul_shim
 .text.ddiv_shim
                0x100024e8      0x1b0 CMakeFiles/02_control.dir/C_/Repositories/pico/pico-sdk/src/rp2_common/pico_double/double_v1_rom_shim_rp2040.S.obj
                0x100024e8                ddiv_shim
 .text.double2uint_shim
                0x10002698        0xe CMakeFiles/02_control.dir/C_/Repositories/pico/pico-sdk/src/rp2_common/pico_double/double_v1_rom_shim_rp2040.S.obj
                0x10002698                double2uint_shim
                0x1000269a                double2ufix_shim
 .text.double2int64_shim
                0x100026a6       0x1a CMakeFiles/02_control.dir/C_/Repositories/pico/pico-sdk/src/rp2_common/pico_double/double_v1_rom_shim_rp2040.S.obj
                0x100026a6                double2int64_shim
                0x100026a8                double2fix64_shim
 .text.double2uint64_shim
                0x100026c0       0x70 CMakeFiles/02_control.dir/C_/Repositories/pico/pico-sdk/src/rp2_common/pico_double/double_v1_rom_shim_rp2040.S.obj
                0x100026c0                double2uint64_shim
                0x100026c2                double2ufix64_shim
                0x100026e2                d2fix_a
 .text.double2float_shim
                0x10002730       0x5c CMakeFiles/02_control.dir/C_/Repositories/pico/pico-sdk/src/rp2_common/pico_double/double_v1_rom_shim_rp2040.S.obj
                0x10002730                double2float_shim
 .text.x2double_shims
                0x1000278c       0x90 CMakeFiles/02_control.dir/C_/Repositories/pico/pico-sdk/src/rp2_common/pico_double/double_v1_rom_shim_rp2040.S.obj
                0x1000278c                uint2double_shim
                0x1000278e                ufix2double_shim
                0x10002794                int2double_shim
                0x10002796                fix2double_shim
                0x1000279c                uint642double_shim
                0x1000279e                ufix642double_shim
                0x100027a4                int642double_shim
                0x100027a6                fix642double_shim
 .text.dunpacks
                0x1000281c       0x3c CMakeFiles/02_control.dir/C_/Repositories/pico/pico-sdk/src/rp2_common/pico_double/double_v1_rom_shim_rp2040.S.obj
                0x1000281c                dunpacks
 .text.__aeabi_lmul
                0x10002858       0x32 CMakeFiles/02_control.dir/C_/Repositories/pico/pico-sdk/src/rp2_common/pico_int64_ops/pico_int64_ops_aeabi.S.obj
                0x10002858                __wrap___aeabi_lmul
 *fill*         0x1000288a        0x2 
 .text.__aeabi_float_init
                0x1000288c       0x64 CMakeFiles/02_control.dir/C_/Repositories/pico/pico-sdk/src/rp2_common/pico_float/float_init_rom_rp2040.c.obj
                0x1000288c                __aeabi_float_init
 .text.float_table_shim_on_use_helper
                0x100028f0       0x2c CMakeFiles/02_control.dir/C_/Repositories/pico/pico-sdk/src/rp2_common/pico_float/float_v1_rom_shim_rp2040.S.obj
                0x100028f0                float_table_shim_on_use_helper
 .text.__wrap_malloc
                0x1000291c       0x24 CMakeFiles/02_control.dir/C_/Repositories/pico/pico-sdk/src/rp2_common/pico_malloc/malloc.c.obj
                0x1000291c                __wrap_malloc
 .text.__wrap_realloc
                0x10002940       0x24 CMakeFiles/02_control.dir/C_/Repositories/pico/pico-sdk/src/rp2_common/pico_malloc/malloc.c.obj
                0x10002940                __wrap_realloc
 .text.__wrap_free
                0x10002964        0x8 CMakeFiles/02_control.dir/C_/Repositories/pico/pico-sdk/src/rp2_common/pico_malloc/malloc.c.obj
                0x10002964                __wrap_free
 .text          0x1000296c       0x10 CMakeFiles/02_control.dir/C_/Repositories/pico/pico-sdk/src/rp2_common/pico_mem_ops/mem_ops_aeabi.S.obj
                0x1000296c                __aeabi_mem_init
 .text.memset   0x1000297c        0xc CMakeFiles/02_control.dir/C_/Repositories/pico/pico-sdk/src/rp2_common/pico_mem_ops/mem_ops_aeabi.S.obj
                0x1000297c                __wrap_memset
 .text.memcpy   0x10002988        0xc CMakeFiles/02_control.dir/C_/Repositories/pico/pico-sdk/src/rp2_common/pico_mem_ops/mem_ops_aeabi.S.obj
                0x10002988                __wrap_memcpy
                0x10002988                __wrap___aeabi_memcpy
 .text._out_buffer
                0x10002994        0x8 CMakeFiles/02_control.dir/C_/Repositories/pico/pico-sdk/src/rp2_common/pico_printf/printf.c.obj
 .text._out_null
                0x1000299c        0x4 CMakeFiles/02_control.dir/C_/Repositories/pico/pico-sdk/src/rp2_common/pico_printf/printf.c.obj
 .text._out_rev
                0x100029a0       0x9c CMakeFiles/02_control.dir/C_/Repositories/pico/pico-sdk/src/rp2_common/pico_printf/printf.c.obj
 .text._ntoa_format
                0x10002a3c      0x1cc CMakeFiles/02_control.dir/C_/Repositories/pico/pico-sdk/src/rp2_common/pico_printf/printf.c.obj
 .text._out_char
                0x10002c08       0x10 CMakeFiles/02_control.dir/C_/Repositories/pico/pico-sdk/src/rp2_common/pico_printf/printf.c.obj
 .text._out_fct
                0x10002c18       0x10 CMakeFiles/02_control.dir/C_/Repositories/pico/pico-sdk/src/rp2_common/pico_printf/printf.c.obj
 .text._etoa    0x10002c28      0x44c CMakeFiles/02_control.dir/C_/Repositories/pico/pico-sdk/src/rp2_common/pico_printf/printf.c.obj
 .text._ftoa    0x10003074      0x398 CMakeFiles/02_control.dir/C_/Repositories/pico/pico-sdk/src/rp2_common/pico_printf/printf.c.obj
 .text._vsnprintf
                0x1000340c      0xb04 CMakeFiles/02_control.dir/C_/Repositories/pico/pico-sdk/src/rp2_common/pico_printf/printf.c.obj
 .text.__wrap_sprintf
                0x10003f10       0x28 CMakeFiles/02_control.dir/C_/Repositories/pico/pico-sdk/src/rp2_common/pico_printf/printf.c.obj
                0x10003f10                __wrap_sprintf
 .text.vfctprintf
                0x10003f38       0x20 CMakeFiles/02_control.dir/C_/Repositories/pico/pico-sdk/src/rp2_common/pico_printf/printf.c.obj
                0x10003f38                vfctprintf
 .text.weak_raw_printf
                0x10003f58       0x40 CMakeFiles/02_control.dir/C_/Repositories/pico/pico-sdk/src/rp2_common/pico_printf/printf.c.obj
                0x10003f58                weak_raw_printf
 .text.weak_raw_vprintf
                0x10003f98       0x30 CMakeFiles/02_control.dir/C_/Repositories/pico/pico-sdk/src/rp2_common/pico_printf/printf.c.obj
                0x10003f98                weak_raw_vprintf
 .text._exit    0x10003fc8        0x4 CMakeFiles/02_control.dir/C_/Repositories/pico/pico-sdk/src/rp2_common/pico_clib_interface/newlib_interface.c.obj
                0x10003fc8                _exit
 .text._sbrk    0x10003fcc       0x34 CMakeFiles/02_control.dir/C_/Repositories/pico/pico-sdk/src/rp2_common/pico_clib_interface/newlib_interface.c.obj
                0x10003fcc                _sbrk
 .text.exit     0x10004000        0x8 CMakeFiles/02_control.dir/C_/Repositories/pico/pico-sdk/src/rp2_common/pico_clib_interface/newlib_interface.c.obj
                0x10004000                exit
 .text.__assert_func
                0x10004008       0x34 CMakeFiles/02_control.dir/C_/Repositories/pico/pico-sdk/src/rp2_common/pico_clib_interface/newlib_interface.c.obj
                0x10004008                __assert_func
 .text.runtime_init
                0x1000403c       0x2c CMakeFiles/02_control.dir/C_/Repositories/pico/pico-sdk/src/rp2_common/pico_clib_interface/newlib_interface.c.obj
                0x1000403c                runtime_init
 .text.stdio_out_chars_no_crlf
                0x10004068       0x10 CMakeFiles/02_control.dir/C_/Repositories/pico/pico-sdk/src/rp2_common/pico_stdio/stdio.c.obj
 .text.stdio_out_chars_crlf
                0x10004078       0xb4 CMakeFiles/02_control.dir/C_/Repositories/pico/pico-sdk/src/rp2_common/pico_stdio/stdio.c.obj
 .text.stdio_buffered_printer
                0x1000412c       0x64 CMakeFiles/02_control.dir/C_/Repositories/pico/pico-sdk/src/rp2_common/pico_stdio/stdio.c.obj
 .text.stdio_put_string
                0x10004190      0x100 CMakeFiles/02_control.dir/C_/Repositories/pico/pico-sdk/src/rp2_common/pico_stdio/stdio.c.obj
                0x10004190                stdio_put_string
 .text.stdio_set_driver_enabled
                0x10004290       0x30 CMakeFiles/02_control.dir/C_/Repositories/pico/pico-sdk/src/rp2_common/pico_stdio/stdio.c.obj
                0x10004290                stdio_set_driver_enabled
 .text.stdio_init_all
                0x100042c0        0x8 CMakeFiles/02_control.dir/C_/Repositories/pico/pico-sdk/src/rp2_common/pico_stdio/stdio.c.obj
                0x100042c0                stdio_init_all
 .text.stdio_getchar_timeout_us
                0x100042c8       0x98 CMakeFiles/02_control.dir/C_/Repositories/pico/pico-sdk/src/rp2_common/pico_stdio/stdio.c.obj
                0x100042c8                stdio_getchar_timeout_us
 .text.__wrap_putchar
                0x10004360       0x98 CMakeFiles/02_control.dir/C_/Repositories/pico/pico-sdk/src/rp2_common/pico_stdio/stdio.c.obj
                0x10004360                __wrap_putchar
                0x10004360                stdio_putchar
 .text.__wrap_puts
                0x100043f8       0x3c CMakeFiles/02_control.dir/C_/Repositories/pico/pico-sdk/src/rp2_common/pico_stdio/stdio.c.obj
                0x100043f8                stdio_puts
                0x100043f8                __wrap_puts
 .text.__wrap_vprintf
                0x10004434       0xd8 CMakeFiles/02_control.dir/C_/Repositories/pico/pico-sdk/src/rp2_common/pico_stdio/stdio.c.obj
                0x10004434                stdio_vprintf
                0x10004434                __wrap_vprintf
 .text.__wrap_printf
                0x1000450c       0x18 CMakeFiles/02_control.dir/C_/Repositories/pico/pico-sdk/src/rp2_common/pico_stdio/stdio.c.obj
                0x1000450c                __wrap_printf
                0x1000450c                stdio_printf
 .text.resetd_init
                0x10004524        0x4 CMakeFiles/02_control.dir/C_/Repositories/pico/pico-sdk/src/rp2_common/pico_stdio_usb/reset_interface.c.obj
 .text.resetd_reset
                0x10004528        0xc CMakeFiles/02_control.dir/C_/Repositories/pico/pico-sdk/src/rp2_common/pico_stdio_usb/reset_interface.c.obj
 .text.resetd_open
                0x10004534       0x28 CMakeFiles/02_control.dir/C_/Repositories/pico/pico-sdk/src/rp2_common/pico_stdio_usb/reset_interface.c.obj
 .text.resetd_xfer_cb
                0x1000455c        0x4 CMakeFiles/02_control.dir/C_/Repositories/pico/pico-sdk/src/rp2_common/pico_stdio_usb/reset_interface.c.obj
 .text.resetd_control_xfer_cb
                0x10004560       0x60 CMakeFiles/02_control.dir/C_/Repositories/pico/pico-sdk/src/rp2_common/pico_stdio_usb/reset_interface.c.obj
 .text.tud_descriptor_bos_cb
                0x100045c0        0x8 CMakeFiles/02_control.dir/C_/Repositories/pico/pico-sdk/src/rp2_common/pico_stdio_usb/reset_interface.c.obj
                0x100045c0                tud_descriptor_bos_cb
 .text.tud_vendor_control_xfer_cb
                0x100045c8       0x34 CMakeFiles/02_control.dir/C_/Repositories/pico/pico-sdk/src/rp2_common/pico_stdio_usb/reset_interface.c.obj
                0x100045c8                tud_vendor_control_xfer_cb
 .text.usbd_app_driver_get_cb
                0x100045fc        0xc CMakeFiles/02_control.dir/C_/Repositories/pico/pico-sdk/src/rp2_common/pico_stdio_usb/reset_interface.c.obj
                0x100045fc                usbd_app_driver_get_cb
 .text.tud_cdc_line_coding_cb
                0x10004608       0x2c CMakeFiles/02_control.dir/C_/Repositories/pico/pico-sdk/src/rp2_common/pico_stdio_usb/reset_interface.c.obj
                0x10004608                tud_cdc_line_coding_cb
 .text.stdio_usb_set_chars_available_callback
                0x10004634       0x14 CMakeFiles/02_control.dir/C_/Repositories/pico/pico-sdk/src/rp2_common/pico_stdio_usb/stdio_usb.c.obj
                0x10004634                stdio_usb_set_chars_available_callback
 .text.usb_irq  0x10004648       0x10 CMakeFiles/02_control.dir/C_/Repositories/pico/pico-sdk/src/rp2_common/pico_stdio_usb/stdio_usb.c.obj
 .text.timer_task
                0x10004658       0x64 CMakeFiles/02_control.dir/C_/Repositories/pico/pico-sdk/src/rp2_common/pico_stdio_usb/stdio_usb.c.obj
 .text.stdio_usb_in_chars
                0x100046bc       0x90 CMakeFiles/02_control.dir/C_/Repositories/pico/pico-sdk/src/rp2_common/pico_stdio_usb/stdio_usb.c.obj
                0x100046bc                stdio_usb_in_chars
 .text.stdio_usb_out_flush
                0x1000474c       0x50 CMakeFiles/02_control.dir/C_/Repositories/pico/pico-sdk/src/rp2_common/pico_stdio_usb/stdio_usb.c.obj
 .text.stdio_usb_out_chars
                0x1000479c      0x100 CMakeFiles/02_control.dir/C_/Repositories/pico/pico-sdk/src/rp2_common/pico_stdio_usb/stdio_usb.c.obj
 .text.low_priority_worker_irq
                0x1000489c       0xc8 CMakeFiles/02_control.dir/C_/Repositories/pico/pico-sdk/src/rp2_common/pico_stdio_usb/stdio_usb.c.obj
 .text.stdio_usb_init
                0x10004964       0xe8 CMakeFiles/02_control.dir/C_/Repositories/pico/pico-sdk/src/rp2_common/pico_stdio_usb/stdio_usb.c.obj
                0x10004964                stdio_usb_init
 .text.tud_descriptor_device_cb
                0x10004a4c        0x8 CMakeFiles/02_control.dir/C_/Repositories/pico/pico-sdk/src/rp2_common/pico_stdio_usb/stdio_usb_descriptors.c.obj
                0x10004a4c                tud_descriptor_device_cb
 .text.tud_descriptor_configuration_cb
                0x10004a54        0x8 CMakeFiles/02_control.dir/C_/Repositories/pico/pico-sdk/src/rp2_common/pico_stdio_usb/stdio_usb_descriptors.c.obj
                0x10004a54                tud_descriptor_configuration_cb
 .text.tud_descriptor_string_cb
                0x10004a5c       0x74 CMakeFiles/02_control.dir/C_/Repositories/pico/pico-sdk/src/rp2_common/pico_stdio_usb/stdio_usb_descriptors.c.obj
                0x10004a5c                tud_descriptor_string_cb
 .text.startup._retrieve_unique_id_on_boot
                0x10004ad0       0x10 CMakeFiles/02_control.dir/C_/Repositories/pico/pico-sdk/src/rp2_common/pico_unique_id/unique_id.c.obj
 .text.pico_get_unique_board_id_string
                0x10004ae0      0x1a8 CMakeFiles/02_control.dir/C_/Repositories/pico/pico-sdk/src/rp2_common/pico_unique_id/unique_id.c.obj
                0x10004ae0                pico_get_unique_board_id_string
 .text.flash_get_unique_id
                0x10004c88       0x40 CMakeFiles/02_control.dir/C_/Repositories/pico/pico-sdk/src/rp2_common/hardware_flash/flash.c.obj
                0x10004c88                flash_get_unique_id
 .text.dcd_init
                0x10004cc8       0x90 CMakeFiles/02_control.dir/C_/Repositories/pico/pico-sdk/lib/tinyusb/src/portable/raspberrypi/rp2040/dcd_rp2040.c.obj
                0x10004cc8                dcd_init
 .text.dcd_int_enable
                0x10004d58        0xc CMakeFiles/02_control.dir/C_/Repositories/pico/pico-sdk/lib/tinyusb/src/portable/raspberrypi/rp2040/dcd_rp2040.c.obj
                0x10004d58                dcd_int_enable
 .text.dcd_set_address
                0x10004d64       0x14 CMakeFiles/02_control.dir/C_/Repositories/pico/pico-sdk/lib/tinyusb/src/portable/raspberrypi/rp2040/dcd_rp2040.c.obj
                0x10004d64                dcd_set_address
 .text.dcd_sof_enable
                0x10004d78       0x1c CMakeFiles/02_control.dir/C_/Repositories/pico/pico-sdk/lib/tinyusb/src/portable/raspberrypi/rp2040/dcd_rp2040.c.obj
                0x10004d78                dcd_sof_enable
 .text.dcd_edpt0_status_complete
                0x10004d94       0x1c CMakeFiles/02_control.dir/C_/Repositories/pico/pico-sdk/lib/tinyusb/src/portable/raspberrypi/rp2040/dcd_rp2040.c.obj
                0x10004d94                dcd_edpt0_status_complete
 .text.dcd_edpt_open
                0x10004db0      0x114 CMakeFiles/02_control.dir/C_/Repositories/pico/pico-sdk/lib/tinyusb/src/portable/raspberrypi/rp2040/dcd_rp2040.c.obj
                0x10004db0                dcd_edpt_open
 .text.dcd_edpt_close_all
                0x10004ec4        0x8 CMakeFiles/02_control.dir/C_/Repositories/pico/pico-sdk/lib/tinyusb/src/portable/raspberrypi/rp2040/dcd_rp2040.c.obj
                0x10004ec4                dcd_edpt_close_all
 .text.dcd_edpt_xfer
                0x10004ecc       0x24 CMakeFiles/02_control.dir/C_/Repositories/pico/pico-sdk/lib/tinyusb/src/portable/raspberrypi/rp2040/dcd_rp2040.c.obj
                0x10004ecc                dcd_edpt_xfer
 .text.dcd_edpt_stall
                0x10004ef0       0x38 CMakeFiles/02_control.dir/C_/Repositories/pico/pico-sdk/lib/tinyusb/src/portable/raspberrypi/rp2040/dcd_rp2040.c.obj
                0x10004ef0                dcd_edpt_stall
 .text.dcd_edpt_clear_stall
                0x10004f28       0x30 CMakeFiles/02_control.dir/C_/Repositories/pico/pico-sdk/lib/tinyusb/src/portable/raspberrypi/rp2040/dcd_rp2040.c.obj
                0x10004f28                dcd_edpt_clear_stall
 .text.rp2040_usb_init
                0x10004f58       0x40 CMakeFiles/02_control.dir/C_/Repositories/pico/pico-sdk/lib/tinyusb/src/portable/raspberrypi/rp2040/rp2040_usb.c.obj
                0x10004f58                rp2040_usb_init
 .text.hw_endpoint_xfer_start
                0x10004f98       0x50 CMakeFiles/02_control.dir/C_/Repositories/pico/pico-sdk/lib/tinyusb/src/portable/raspberrypi/rp2040/rp2040_usb.c.obj
                0x10004f98                hw_endpoint_xfer_start
 .text.tud_event_hook_cb
                0x10004fe8        0x4 CMakeFiles/02_control.dir/C_/Repositories/pico/pico-sdk/lib/tinyusb/src/device/usbd.c.obj
                0x10004fe8                tud_event_hook_cb
 .text.tud_sof_cb
                0x10004fec        0x4 CMakeFiles/02_control.dir/C_/Repositories/pico/pico-sdk/lib/tinyusb/src/device/usbd.c.obj
                0x10004fec                tud_sof_cb
 .text.tud_descriptor_device_qualifier_cb
                0x10004ff0        0x4 CMakeFiles/02_control.dir/C_/Repositories/pico/pico-sdk/lib/tinyusb/src/device/usbd.c.obj
                0x10004ff0                tud_descriptor_device_qualifier_cb
 .text.tud_descriptor_other_speed_configuration_cb
                0x10004ff4        0x4 CMakeFiles/02_control.dir/C_/Repositories/pico/pico-sdk/lib/tinyusb/src/device/usbd.c.obj
                0x10004ff4                tud_descriptor_other_speed_configuration_cb
 .text.tud_mount_cb
                0x10004ff8        0x4 CMakeFiles/02_control.dir/C_/Repositories/pico/pico-sdk/lib/tinyusb/src/device/usbd.c.obj
                0x10004ff8                tud_mount_cb
 .text.tud_umount_cb
                0x10004ffc        0x4 CMakeFiles/02_control.dir/C_/Repositories/pico/pico-sdk/lib/tinyusb/src/device/usbd.c.obj
                0x10004ffc                tud_umount_cb
 .text.tud_suspend_cb
                0x10005000        0x4 CMakeFiles/02_control.dir/C_/Repositories/pico/pico-sdk/lib/tinyusb/src/device/usbd.c.obj
                0x10005000                tud_suspend_cb
 .text.tud_resume_cb
                0x10005004        0x4 CMakeFiles/02_control.dir/C_/Repositories/pico/pico-sdk/lib/tinyusb/src/device/usbd.c.obj
                0x10005004                tud_resume_cb
 .text.tud_mounted
                0x10005008       0x10 CMakeFiles/02_control.dir/C_/Repositories/pico/pico-sdk/lib/tinyusb/src/device/usbd.c.obj
                0x10005008                tud_mounted
 .text.tud_suspended
                0x10005018       0x10 CMakeFiles/02_control.dir/C_/Repositories/pico/pico-sdk/lib/tinyusb/src/device/usbd.c.obj
                0x10005018                tud_suspended
 .text.tud_rhport_init
                0x10005028       0xf4 CMakeFiles/02_control.dir/C_/Repositories/pico/pico-sdk/lib/tinyusb/src/device/usbd.c.obj
                0x10005028                tud_rhport_init
 .text.tud_task_ext
                0x1000511c      0x800 CMakeFiles/02_control.dir/C_/Repositories/pico/pico-sdk/lib/tinyusb/src/device/usbd.c.obj
                0x1000511c                tud_task_ext
 .text.usbd_open_edpt_pair
                0x1000591c       0x9c CMakeFiles/02_control.dir/C_/Repositories/pico/pico-sdk/lib/tinyusb/src/device/usbd.c.obj
                0x1000591c                usbd_open_edpt_pair
 .text.usbd_edpt_open
                0x100059b8       0x34 CMakeFiles/02_control.dir/C_/Repositories/pico/pico-sdk/lib/tinyusb/src/device/usbd.c.obj
                0x100059b8                usbd_edpt_open
 .text.usbd_edpt_claim
                0x100059ec       0x28 CMakeFiles/02_control.dir/C_/Repositories/pico/pico-sdk/lib/tinyusb/src/device/usbd.c.obj
                0x100059ec                usbd_edpt_claim
 .text.usbd_edpt_release
                0x10005a14       0x28 CMakeFiles/02_control.dir/C_/Repositories/pico/pico-sdk/lib/tinyusb/src/device/usbd.c.obj
                0x10005a14                usbd_edpt_release
 .text.usbd_edpt_xfer
                0x10005a3c       0x4c CMakeFiles/02_control.dir/C_/Repositories/pico/pico-sdk/lib/tinyusb/src/device/usbd.c.obj
                0x10005a3c                usbd_edpt_xfer
 .text.tud_control_status
                0x10005a88       0x30 CMakeFiles/02_control.dir/C_/Repositories/pico/pico-sdk/lib/tinyusb/src/device/usbd_control.c.obj
                0x10005a88                tud_control_status
 .text.tud_control_xfer
                0x10005ab8       0xbc CMakeFiles/02_control.dir/C_/Repositories/pico/pico-sdk/lib/tinyusb/src/device/usbd_control.c.obj
                0x10005ab8                tud_control_xfer
 .text.usbd_control_reset
                0x10005b74       0x14 CMakeFiles/02_control.dir/C_/Repositories/pico/pico-sdk/lib/tinyusb/src/device/usbd_control.c.obj
                0x10005b74                usbd_control_reset
 .text.usbd_control_set_complete_callback
                0x10005b88        0xc CMakeFiles/02_control.dir/C_/Repositories/pico/pico-sdk/lib/tinyusb/src/device/usbd_control.c.obj
                0x10005b88                usbd_control_set_complete_callback
 .text.usbd_control_set_request
                0x10005b94       0x1c CMakeFiles/02_control.dir/C_/Repositories/pico/pico-sdk/lib/tinyusb/src/device/usbd_control.c.obj
                0x10005b94                usbd_control_set_request
 .text.usbd_control_xfer_cb
                0x10005bb0       0xf0 CMakeFiles/02_control.dir/C_/Repositories/pico/pico-sdk/lib/tinyusb/src/device/usbd_control.c.obj
                0x10005bb0                usbd_control_xfer_cb
 .text._prep_out_transaction.isra.0
                0x10005ca0       0x6c CMakeFiles/02_control.dir/C_/Repositories/pico/pico-sdk/lib/tinyusb/src/class/cdc/cdc_device.c.obj
 .text.tud_cdc_n_connected
                0x10005d0c       0x2c CMakeFiles/02_control.dir/C_/Repositories/pico/pico-sdk/lib/tinyusb/src/class/cdc/cdc_device.c.obj
                0x10005d0c                tud_cdc_n_connected
 .text.tud_cdc_n_available
                0x10005d38       0x18 CMakeFiles/02_control.dir/C_/Repositories/pico/pico-sdk/lib/tinyusb/src/class/cdc/cdc_device.c.obj
                0x10005d38                tud_cdc_n_available
 .text.tud_cdc_n_read
                0x10005d50       0x94 CMakeFiles/02_control.dir/C_/Repositories/pico/pico-sdk/lib/tinyusb/src/class/cdc/cdc_device.c.obj
                0x10005d50                tud_cdc_n_read
 .text.tud_cdc_n_write_flush
                0x10005de4       0x78 CMakeFiles/02_control.dir/C_/Repositories/pico/pico-sdk/lib/tinyusb/src/class/cdc/cdc_device.c.obj
                0x10005de4                tud_cdc_n_write_flush
 .text.tud_cdc_n_write
                0x10005e5c       0x44 CMakeFiles/02_control.dir/C_/Repositories/pico/pico-sdk/lib/tinyusb/src/class/cdc/cdc_device.c.obj
                0x10005e5c                tud_cdc_n_write
 .text.tud_cdc_n_write_available
                0x10005ea0       0x18 CMakeFiles/02_control.dir/C_/Repositories/pico/pico-sdk/lib/tinyusb/src/class/cdc/cdc_device.c.obj
                0x10005ea0                tud_cdc_n_write_available
 .text.cdcd_init
                0x10005eb8       0x70 CMakeFiles/02_control.dir/C_/Repositories/pico/pico-sdk/lib/tinyusb/src/class/cdc/cdc_device.c.obj
                0x10005eb8                cdcd_init
 .text.cdcd_deinit
                0x10005f28       0x24 CMakeFiles/02_control.dir/C_/Repositories/pico/pico-sdk/lib/tinyusb/src/class/cdc/cdc_device.c.obj
                0x10005f28                cdcd_deinit
 .text.cdcd_reset
                0x10005f4c       0x4c CMakeFiles/02_control.dir/C_/Repositories/pico/pico-sdk/lib/tinyusb/src/class/cdc/cdc_device.c.obj
                0x10005f4c                cdcd_reset
 .text.cdcd_open
                0x10005f98       0xa8 CMakeFiles/02_control.dir/C_/Repositories/pico/pico-sdk/lib/tinyusb/src/class/cdc/cdc_device.c.obj
                0x10005f98                cdcd_open
 .text.cdcd_control_xfer_cb
                0x10006040       0xe8 CMakeFiles/02_control.dir/C_/Repositories/pico/pico-sdk/lib/tinyusb/src/class/cdc/cdc_device.c.obj
                0x10006040                cdcd_control_xfer_cb
 .text.cdcd_xfer_cb
                0x10006128       0xfc CMakeFiles/02_control.dir/C_/Repositories/pico/pico-sdk/lib/tinyusb/src/class/cdc/cdc_device.c.obj
                0x10006128                cdcd_xfer_cb
 .text.vendord_init
                0x10006224       0x5c CMakeFiles/02_control.dir/C_/Repositories/pico/pico-sdk/lib/tinyusb/src/class/vendor/vendor_device.c.obj
                0x10006224                vendord_init
 .text.vendord_deinit
                0x10006280       0x1c CMakeFiles/02_control.dir/C_/Repositories/pico/pico-sdk/lib/tinyusb/src/class/vendor/vendor_device.c.obj
                0x10006280                vendord_deinit
 .text.vendord_reset
                0x1000629c       0x28 CMakeFiles/02_control.dir/C_/Repositories/pico/pico-sdk/lib/tinyusb/src/class/vendor/vendor_device.c.obj
                0x1000629c                vendord_reset
 .text.vendord_open
                0x100062c4      0x128 CMakeFiles/02_control.dir/C_/Repositories/pico/pico-sdk/lib/tinyusb/src/class/vendor/vendor_device.c.obj
                0x100062c4                vendord_open
 .text.vendord_xfer_cb
                0x100063ec       0x9c CMakeFiles/02_control.dir/C_/Repositories/pico/pico-sdk/lib/tinyusb/src/class/vendor/vendor_device.c.obj
                0x100063ec                vendord_xfer_cb
 .text.tusb_rhport_init
                0x10006488       0x48 CMakeFiles/02_control.dir/C_/Repositories/pico/pico-sdk/lib/tinyusb/src/tusb.c.obj
                0x10006488                tusb_rhport_init
 .text.tu_edpt_claim
                0x100064d0       0x50 CMakeFiles/02_control.dir/C_/Repositories/pico/pico-sdk/lib/tinyusb/src/tusb.c.obj
                0x100064d0                tu_edpt_claim
 .text.tu_edpt_release
                0x10006520       0x38 CMakeFiles/02_control.dir/C_/Repositories/pico/pico-sdk/lib/tinyusb/src/tusb.c.obj
                0x10006520                tu_edpt_release
 .text.tu_edpt_validate
                0x10006558       0x78 CMakeFiles/02_control.dir/C_/Repositories/pico/pico-sdk/lib/tinyusb/src/tusb.c.obj
                0x10006558                tu_edpt_validate
 .text.tu_edpt_bind_driver
                0x100065d0       0x34 CMakeFiles/02_control.dir/C_/Repositories/pico/pico-sdk/lib/tinyusb/src/tusb.c.obj
                0x100065d0                tu_edpt_bind_driver
 .text.tu_edpt_stream_init
                0x10006604       0x6c CMakeFiles/02_control.dir/C_/Repositories/pico/pico-sdk/lib/tinyusb/src/tusb.c.obj
                0x10006604                tu_edpt_stream_init
 .text.tu_edpt_stream_deinit
                0x10006670        0x4 CMakeFiles/02_control.dir/C_/Repositories/pico/pico-sdk/lib/tinyusb/src/tusb.c.obj
                0x10006670                tu_edpt_stream_deinit
 .text.tu_edpt_stream_write_zlp_if_needed
                0x10006674       0x58 CMakeFiles/02_control.dir/C_/Repositories/pico/pico-sdk/lib/tinyusb/src/tusb.c.obj
                0x10006674                tu_edpt_stream_write_zlp_if_needed
 .text.tu_edpt_stream_write_xfer
                0x100066cc       0x64 CMakeFiles/02_control.dir/C_/Repositories/pico/pico-sdk/lib/tinyusb/src/tusb.c.obj
                0x100066cc                tu_edpt_stream_write_xfer
 .text.tu_edpt_stream_read_xfer
                0x10006730       0xdc CMakeFiles/02_control.dir/C_/Repositories/pico/pico-sdk/lib/tinyusb/src/tusb.c.obj
                0x10006730                tu_edpt_stream_read_xfer
 .text.tu_fifo_config
                0x1000680c       0x70 CMakeFiles/02_control.dir/C_/Repositories/pico/pico-sdk/lib/tinyusb/src/common/tusb_fifo.c.obj
                0x1000680c                tu_fifo_config
 .text.tu_fifo_count
                0x1000687c       0x2c CMakeFiles/02_control.dir/C_/Repositories/pico/pico-sdk/lib/tinyusb/src/common/tusb_fifo.c.obj
                0x1000687c                tu_fifo_count
 .text.tu_fifo_empty
                0x100068a8       0x10 CMakeFiles/02_control.dir/C_/Repositories/pico/pico-sdk/lib/tinyusb/src/common/tusb_fifo.c.obj
                0x100068a8                tu_fifo_empty
 .text.tu_fifo_remaining
                0x100068b8       0x2c CMakeFiles/02_control.dir/C_/Repositories/pico/pico-sdk/lib/tinyusb/src/common/tusb_fifo.c.obj
                0x100068b8                tu_fifo_remaining
 .text.tu_fifo_read
                0x100068e4       0xa0 CMakeFiles/02_control.dir/C_/Repositories/pico/pico-sdk/lib/tinyusb/src/common/tusb_fifo.c.obj
                0x100068e4                tu_fifo_read
 .text.tu_fifo_read_n
                0x10006984       0xec CMakeFiles/02_control.dir/C_/Repositories/pico/pico-sdk/lib/tinyusb/src/common/tusb_fifo.c.obj
                0x10006984                tu_fifo_read_n
 .text.tu_fifo_write
                0x10006a70       0x88 CMakeFiles/02_control.dir/C_/Repositories/pico/pico-sdk/lib/tinyusb/src/common/tusb_fifo.c.obj
                0x10006a70                tu_fifo_write
 .text.tu_fifo_write_n
                0x10006af8      0x168 CMakeFiles/02_control.dir/C_/Repositories/pico/pico-sdk/lib/tinyusb/src/common/tusb_fifo.c.obj
                0x10006af8                tu_fifo_write_n
 .text.tu_fifo_clear
                0x10006c60       0x40 CMakeFiles/02_control.dir/C_/Repositories/pico/pico-sdk/lib/tinyusb/src/common/tusb_fifo.c.obj
                0x10006c60                tu_fifo_clear
 .text.tu_fifo_set_overwritable
                0x10006ca0       0x48 CMakeFiles/02_control.dir/C_/Repositories/pico/pico-sdk/lib/tinyusb/src/common/tusb_fifo.c.obj
                0x10006ca0                tu_fifo_set_overwritable
 .text._calloc_r
                0x10006ce8       0x9c c:/program files (x86)/gnu arm embedded toolchain/10 2021.10/bin/../lib/gcc/arm-none-eabi/10.3.1/../../../../arm-none-eabi/lib/thumb/v6-m/nofp\libg.a(lib_a-callocr.o)
                0x10006ce8                _calloc_r
 .text.__errno  0x10006d84        0xc c:/program files (x86)/gnu arm embedded toolchain/10 2021.10/bin/../lib/gcc/arm-none-eabi/10.3.1/../../../../arm-none-eabi/lib/thumb/v6-m/nofp\libg.a(lib_a-errno.o)
                0x10006d84                __errno
 .text.malloc   0x10006d90       0x14 c:/program files (x86)/gnu arm embedded toolchain/10 2021.10/bin/../lib/gcc/arm-none-eabi/10.3.1/../../../../arm-none-eabi/lib/thumb/v6-m/nofp\libg.a(lib_a-malloc.o)
                0x10006d90                malloc
 .text.free     0x10006da4       0x14 c:/program files (x86)/gnu arm embedded toolchain/10 2021.10/bin/../lib/gcc/arm-none-eabi/10.3.1/../../../../arm-none-eabi/lib/thumb/v6-m/nofp\libg.a(lib_a-malloc.o)
                0x10006da4                free
 .text._malloc_r
                0x10006db8      0x584 c:/program files (x86)/gnu arm embedded toolchain/10 2021.10/bin/../lib/gcc/arm-none-eabi/10.3.1/../../../../arm-none-eabi/lib/thumb/v6-m/nofp\libg.a(lib_a-mallocr.o)
                0x10006db8                _malloc_r
 .text.__malloc_lock
                0x1000733c       0x10 c:/program files (x86)/gnu arm embedded toolchain/10 2021.10/bin/../lib/gcc/arm-none-eabi/10.3.1/../../../../arm-none-eabi/lib/thumb/v6-m/nofp\libg.a(lib_a-mlock.o)
                0x1000733c                __malloc_lock
 .text.__malloc_unlock
                0x1000734c       0x10 c:/program files (x86)/gnu arm embedded toolchain/10 2021.10/bin/../lib/gcc/arm-none-eabi/10.3.1/../../../../arm-none-eabi/lib/thumb/v6-m/nofp\libg.a(lib_a-mlock.o)
                0x1000734c                __malloc_unlock
 .text.realloc  0x1000735c       0x18 c:/program files (x86)/gnu arm embedded toolchain/10 2021.10/bin/../lib/gcc/arm-none-eabi/10.3.1/../../../../arm-none-eabi/lib/thumb/v6-m/nofp\libg.a(lib_a-realloc.o)
                0x1000735c                realloc
 .text._realloc_r
                0x10007374      0x354 c:/program files (x86)/gnu arm embedded toolchain/10 2021.10/bin/../lib/gcc/arm-none-eabi/10.3.1/../../../../arm-none-eabi/lib/thumb/v6-m/nofp\libg.a(lib_a-reallocr.o)
                0x10007374                _realloc_r
 .text._sbrk_r  0x100076c8       0x24 c:/program files (x86)/gnu arm embedded toolchain/10 2021.10/bin/../lib/gcc/arm-none-eabi/10.3.1/../../../../arm-none-eabi/lib/thumb/v6-m/nofp\libg.a(lib_a-sbrkr.o)
                0x100076c8                _sbrk_r
 .text.sscanf   0x100076ec       0x50 c:/program files (x86)/gnu arm embedded toolchain/10 2021.10/bin/../lib/gcc/arm-none-eabi/10.3.1/../../../../arm-none-eabi/lib/thumb/v6-m/nofp\libg.a(lib_a-sscanf.o)
                0x100076ec                sscanf
 .text.__seofread
                0x1000773c        0x4 c:/program files (x86)/gnu arm embedded toolchain/10 2021.10/bin/../lib/gcc/arm-none-eabi/10.3.1/../../../../arm-none-eabi/lib/thumb/v6-m/nofp\libg.a(lib_a-stdio.o)
                0x1000773c                __seofread
 .text.strchr   0x10007740       0xc0 c:/program files (x86)/gnu arm embedded toolchain/10 2021.10/bin/../lib/gcc/arm-none-eabi/10.3.1/../../../../arm-none-eabi/lib/thumb/v6-m/nofp\libg.a(lib_a-strchr.o)
                0x10007740                strchr
 .text          0x10007800       0x88 c:/program files (x86)/gnu arm embedded toolchain/10 2021.10/bin/../lib/gcc/arm-none-eabi/10.3.1/../../../../arm-none-eabi/lib/thumb/v6-m/nofp\libg.a(lib_a-strcmp.o)
                0x10007800                strcmp
 .text.strlen   0x10007888       0x5c c:/program files (x86)/gnu arm embedded toolchain/10 2021.10/bin/../lib/gcc/arm-none-eabi/10.3.1/../../../../arm-none-eabi/lib/thumb/v6-m/nofp\libg.a(lib_a-strlen-stub.o)
                0x10007888                strlen
 .text.__ssvfscanf_r
                0x100078e4     0x17a0 c:/program files (x86)/gnu arm embedded toolchain/10 2021.10/bin/../lib/gcc/arm-none-eabi/10.3.1/../../../../arm-none-eabi/lib/thumb/v6-m/nofp\libg.a(lib_a-svfscanf.o)
                0x100078e4                __ssvfscanf_r
 .text._malloc_trim_r
                0x10009084       0x9c c:/program files (x86)/gnu arm embedded toolchain/10 2021.10/bin/../lib/gcc/arm-none-eabi/10.3.1/../../../../arm-none-eabi/lib/thumb/v6-m/nofp\libg.a(lib_a-freer.o)
                0x10009084                _malloc_trim_r
 .text._free_r  0x10009120      0x1c4 c:/program files (x86)/gnu arm embedded toolchain/10 2021.10/bin/../lib/gcc/arm-none-eabi/10.3.1/../../../../arm-none-eabi/lib/thumb/v6-m/nofp\libg.a(lib_a-freer.o)
                0x10009120                _free_r
 .text.iswspace
                0x100092e4        0xc c:/program files (x86)/gnu arm embedded toolchain/10 2021.10/bin/../lib/gcc/arm-none-eabi/10.3.1/../../../../arm-none-eabi/lib/thumb/v6-m/nofp\libg.a(lib_a-iswspace.o)
                0x100092e4                iswspace
 .text.iswspace_l
                0x100092f0       0x18 c:/program files (x86)/gnu arm embedded toolchain/10 2021.10/bin/../lib/gcc/arm-none-eabi/10.3.1/../../../../arm-none-eabi/lib/thumb/v6-m/nofp\libg.a(lib_a-iswspace_l.o)
                0x100092f0                iswspace_l
 .text.__locale_mb_cur_max
                0x10009308       0x10 c:/program files (x86)/gnu arm embedded toolchain/10 2021.10/bin/../lib/gcc/arm-none-eabi/10.3.1/../../../../arm-none-eabi/lib/thumb/v6-m/nofp\libg.a(lib_a-locale.o)
                0x10009308                __locale_mb_cur_max
 .text._localeconv_r
                0x10009318        0x8 c:/program files (x86)/gnu arm embedded toolchain/10 2021.10/bin/../lib/gcc/arm-none-eabi/10.3.1/../../../../arm-none-eabi/lib/thumb/v6-m/nofp\libg.a(lib_a-localeconv.o)
                0x10009318                _localeconv_r
 .text.__retarget_lock_acquire_recursive
                0x10009320        0x4 c:/program files (x86)/gnu arm embedded toolchain/10 2021.10/bin/../lib/gcc/arm-none-eabi/10.3.1/../../../../arm-none-eabi/lib/thumb/v6-m/nofp\libg.a(lib_a-lock.o)
                0x10009320                __retarget_lock_acquire_recursive
 .text.__retarget_lock_release_recursive
                0x10009324        0x4 c:/program files (x86)/gnu arm embedded toolchain/10 2021.10/bin/../lib/gcc/arm-none-eabi/10.3.1/../../../../arm-none-eabi/lib/thumb/v6-m/nofp\libg.a(lib_a-lock.o)
                0x10009324                __retarget_lock_release_recursive
 .text._mbrtowc_r
                0x10009328       0x4c c:/program files (x86)/gnu arm embedded toolchain/10 2021.10/bin/../lib/gcc/arm-none-eabi/10.3.1/../../../../arm-none-eabi/lib/thumb/v6-m/nofp\libg.a(lib_a-mbrtowc.o)
                0x10009328                _mbrtowc_r
 .text.__ascii_mbtowc
                0x10009374       0x2c c:/program files (x86)/gnu arm embedded toolchain/10 2021.10/bin/../lib/gcc/arm-none-eabi/10.3.1/../../../../arm-none-eabi/lib/thumb/v6-m/nofp\libg.a(lib_a-mbtowc_r.o)
                0x10009374                __ascii_mbtowc
 .text.memmove  0x100093a0       0xac c:/program files (x86)/gnu arm embedded toolchain/10 2021.10/bin/../lib/gcc/arm-none-eabi/10.3.1/../../../../arm-none-eabi/lib/thumb/v6-m/nofp\libg.a(lib_a-memmove.o)
                0x100093a0                memmove
 .text.__sccl   0x1000944c       0x80 c:/program files (x86)/gnu arm embedded toolchain/10 2021.10/bin/../lib/gcc/arm-none-eabi/10.3.1/../../../../arm-none-eabi/lib/thumb/v6-m/nofp\libg.a(lib_a-sccl.o)
                0x1000944c                __sccl
 .text.nanf     0x100094cc        0x8 c:/program files (x86)/gnu arm embedded toolchain/10 2021.10/bin/../lib/gcc/arm-none-eabi/10.3.1/../../../../arm-none-eabi/lib/thumb/v6-m/nofp\libg.a(lib_a-sf_nan.o)
                0x100094cc                nanf
 .text.strncmp  0x100094d4       0x74 c:/program files (x86)/gnu arm embedded toolchain/10 2021.10/bin/../lib/gcc/arm-none-eabi/10.3.1/../../../../arm-none-eabi/lib/thumb/v6-m/nofp\libg.a(lib_a-strncmp.o)
                0x100094d4                strncmp
 .text._strtod_l
                0x10009548      0xf78 c:/program files (x86)/gnu arm embedded toolchain/10 2021.10/bin/../lib/gcc/arm-none-eabi/10.3.1/../../../../arm-none-eabi/lib/thumb/v6-m/nofp\libg.a(lib_a-strtod.o)
                0x10009548                _strtod_l
 .text._strtod_r
                0x1000a4c0       0x10 c:/program files (x86)/gnu arm embedded toolchain/10 2021.10/bin/../lib/gcc/arm-none-eabi/10.3.1/../../../../arm-none-eabi/lib/thumb/v6-m/nofp\libg.a(lib_a-strtod.o)
                0x1000a4c0                _strtod_r
 .text._strtol_l.part.0
                0x1000a4d0      0x144 c:/program files (x86)/gnu arm embedded toolchain/10 2021.10/bin/../lib/gcc/arm-none-eabi/10.3.1/../../../../arm-none-eabi/lib/thumb/v6-m/nofp\libg.a(lib_a-strtol.o)
 .text._strtol_r
                0x1000a614       0x1c c:/program files (x86)/gnu arm embedded toolchain/10 2021.10/bin/../lib/gcc/arm-none-eabi/10.3.1/../../../../arm-none-eabi/lib/thumb/v6-m/nofp\libg.a(lib_a-strtol.o)
                0x1000a614                _strtol_r
 .text._strtoll_l.constprop.0
                0x1000a630      0x198 c:/program files (x86)/gnu arm embedded toolchain/10 2021.10/bin/../lib/gcc/arm-none-eabi/10.3.1/../../../../arm-none-eabi/lib/thumb/v6-m/nofp\libg.a(lib_a-strtoll.o)
 .text._strtoll_r
                0x1000a7c8        0x8 c:/program files (x86)/gnu arm embedded toolchain/10 2021.10/bin/../lib/gcc/arm-none-eabi/10.3.1/../../../../arm-none-eabi/lib/thumb/v6-m/nofp\libg.a(lib_a-strtoll.o)
                0x1000a7c8                _strtoll_r
 .text._strtoul_l.constprop.0
                0x1000a7d0      0x148 c:/program files (x86)/gnu arm embedded toolchain/10 2021.10/bin/../lib/gcc/arm-none-eabi/10.3.1/../../../../arm-none-eabi/lib/thumb/v6-m/nofp\libg.a(lib_a-strtoul.o)
 .text._strtoul_r
                0x1000a918        0x8 c:/program files (x86)/gnu arm embedded toolchain/10 2021.10/bin/../lib/gcc/arm-none-eabi/10.3.1/../../../../arm-none-eabi/lib/thumb/v6-m/nofp\libg.a(lib_a-strtoul.o)
                0x1000a918                _strtoul_r
 .text._strtoull_l.constprop.0
                0x1000a920      0x1bc c:/program files (x86)/gnu arm embedded toolchain/10 2021.10/bin/../lib/gcc/arm-none-eabi/10.3.1/../../../../arm-none-eabi/lib/thumb/v6-m/nofp\libg.a(lib_a-strtoull.o)
 .text._strtoull_r
                0x1000aadc        0x8 c:/program files (x86)/gnu arm embedded toolchain/10 2021.10/bin/../lib/gcc/arm-none-eabi/10.3.1/../../../../arm-none-eabi/lib/thumb/v6-m/nofp\libg.a(lib_a-strtoull.o)
                0x1000aadc                _strtoull_r
 .text._sungetc_r
                0x1000aae4       0x84 c:/program files (x86)/gnu arm embedded toolchain/10 2021.10/bin/../lib/gcc/arm-none-eabi/10.3.1/../../../../arm-none-eabi/lib/thumb/v6-m/nofp\libg.a(lib_a-svfiscanf.o)
                0x1000aae4                _sungetc_r
 .text.__ssrefill_r
                0x1000ab68       0x40 c:/program files (x86)/gnu arm embedded toolchain/10 2021.10/bin/../lib/gcc/arm-none-eabi/10.3.1/../../../../arm-none-eabi/lib/thumb/v6-m/nofp\libg.a(lib_a-svfiscanf.o)
                0x1000ab68                __ssrefill_r
 .text._sfread_r
                0x1000aba8       0xc4 c:/program files (x86)/gnu arm embedded toolchain/10 2021.10/bin/../lib/gcc/arm-none-eabi/10.3.1/../../../../arm-none-eabi/lib/thumb/v6-m/nofp\libg.a(lib_a-svfiscanf.o)
                0x1000aba8                _sfread_r
 .text.__submore
                0x1000ac6c       0x84 c:/program files (x86)/gnu arm embedded toolchain/10 2021.10/bin/../lib/gcc/arm-none-eabi/10.3.1/../../../../arm-none-eabi/lib/thumb/v6-m/nofp\libg.a(lib_a-ungetc.o)
                0x1000ac6c                __submore
 .text.__ascii_wctomb
                0x1000acf0       0x1c c:/program files (x86)/gnu arm embedded toolchain/10 2021.10/bin/../lib/gcc/arm-none-eabi/10.3.1/../../../../arm-none-eabi/lib/thumb/v6-m/nofp\libg.a(lib_a-wctomb_r.o)
                0x1000acf0                __ascii_wctomb
 .text.rshift   0x1000ad0c       0xa4 c:/program files (x86)/gnu arm embedded toolchain/10 2021.10/bin/../lib/gcc/arm-none-eabi/10.3.1/../../../../arm-none-eabi/lib/thumb/v6-m/nofp\libg.a(lib_a-gdtoa-gethex.o)
 .text.__gethex
                0x1000adb0      0x5cc c:/program files (x86)/gnu arm embedded toolchain/10 2021.10/bin/../lib/gcc/arm-none-eabi/10.3.1/../../../../arm-none-eabi/lib/thumb/v6-m/nofp\libg.a(lib_a-gdtoa-gethex.o)
                0x1000adb0                __gethex
 .text.__match  0x1000b37c       0x2c c:/program files (x86)/gnu arm embedded toolchain/10 2021.10/bin/../lib/gcc/arm-none-eabi/10.3.1/../../../../arm-none-eabi/lib/thumb/v6-m/nofp\libg.a(lib_a-gdtoa-hexnan.o)
                0x1000b37c                __match
 .text.__hexnan
                0x1000b3a8      0x1d0 c:/program files (x86)/gnu arm embedded toolchain/10 2021.10/bin/../lib/gcc/arm-none-eabi/10.3.1/../../../../arm-none-eabi/lib/thumb/v6-m/nofp\libg.a(lib_a-gdtoa-hexnan.o)
                0x1000b3a8                __hexnan
 .text._Balloc  0x1000b578       0x50 c:/program files (x86)/gnu arm embedded toolchain/10 2021.10/bin/../lib/gcc/arm-none-eabi/10.3.1/../../../../arm-none-eabi/lib/thumb/v6-m/nofp\libg.a(lib_a-mprec.o)
                0x1000b578                _Balloc
 .text._Bfree   0x1000b5c8       0x14 c:/program files (x86)/gnu arm embedded toolchain/10 2021.10/bin/../lib/gcc/arm-none-eabi/10.3.1/../../../../arm-none-eabi/lib/thumb/v6-m/nofp\libg.a(lib_a-mprec.o)
                0x1000b5c8                _Bfree
 .text.__multadd
                0x1000b5dc       0xa8 c:/program files (x86)/gnu arm embedded toolchain/10 2021.10/bin/../lib/gcc/arm-none-eabi/10.3.1/../../../../arm-none-eabi/lib/thumb/v6-m/nofp\libg.a(lib_a-mprec.o)
                0x1000b5dc                __multadd
 .text.__s2b    0x1000b684       0xb0 c:/program files (x86)/gnu arm embedded toolchain/10 2021.10/bin/../lib/gcc/arm-none-eabi/10.3.1/../../../../arm-none-eabi/lib/thumb/v6-m/nofp\libg.a(lib_a-mprec.o)
                0x1000b684                __s2b
 .text.__hi0bits
                0x1000b734       0x38 c:/program files (x86)/gnu arm embedded toolchain/10 2021.10/bin/../lib/gcc/arm-none-eabi/10.3.1/../../../../arm-none-eabi/lib/thumb/v6-m/nofp\libg.a(lib_a-mprec.o)
                0x1000b734                __hi0bits
 .text.__lo0bits
                0x1000b76c       0x5c c:/program files (x86)/gnu arm embedded toolchain/10 2021.10/bin/../lib/gcc/arm-none-eabi/10.3.1/../../../../arm-none-eabi/lib/thumb/v6-m/nofp\libg.a(lib_a-mprec.o)
                0x1000b76c                __lo0bits
 .text.__i2b    0x1000b7c8       0x60 c:/program files (x86)/gnu arm embedded toolchain/10 2021.10/bin/../lib/gcc/arm-none-eabi/10.3.1/../../../../arm-none-eabi/lib/thumb/v6-m/nofp\libg.a(lib_a-mprec.o)
                0x1000b7c8                __i2b
 .text.__multiply
                0x1000b828      0x1a4 c:/program files (x86)/gnu arm embedded toolchain/10 2021.10/bin/../lib/gcc/arm-none-eabi/10.3.1/../../../../arm-none-eabi/lib/thumb/v6-m/nofp\libg.a(lib_a-mprec.o)
                0x1000b828                __multiply
 .text.__pow5mult
                0x1000b9cc       0xd8 c:/program files (x86)/gnu arm embedded toolchain/10 2021.10/bin/../lib/gcc/arm-none-eabi/10.3.1/../../../../arm-none-eabi/lib/thumb/v6-m/nofp\libg.a(lib_a-mprec.o)
                0x1000b9cc                __pow5mult
 .text.__lshift
                0x1000baa4       0xfc c:/program files (x86)/gnu arm embedded toolchain/10 2021.10/bin/../lib/gcc/arm-none-eabi/10.3.1/../../../../arm-none-eabi/lib/thumb/v6-m/nofp\libg.a(lib_a-mprec.o)
                0x1000baa4                __lshift
 .text.__mcmp   0x1000bba0       0x34 c:/program files (x86)/gnu arm embedded toolchain/10 2021.10/bin/../lib/gcc/arm-none-eabi/10.3.1/../../../../arm-none-eabi/lib/thumb/v6-m/nofp\libg.a(lib_a-mprec.o)
                0x1000bba0                __mcmp
 .text.__mdiff  0x1000bbd4      0x18c c:/program files (x86)/gnu arm embedded toolchain/10 2021.10/bin/../lib/gcc/arm-none-eabi/10.3.1/../../../../arm-none-eabi/lib/thumb/v6-m/nofp\libg.a(lib_a-mprec.o)
                0x1000bbd4                __mdiff
 .text.__ulp    0x1000bd60       0x48 c:/program files (x86)/gnu arm embedded toolchain/10 2021.10/bin/../lib/gcc/arm-none-eabi/10.3.1/../../../../arm-none-eabi/lib/thumb/v6-m/nofp\libg.a(lib_a-mprec.o)
                0x1000bd60                __ulp
 .text.__b2d    0x1000bda8       0xc8 c:/program files (x86)/gnu arm embedded toolchain/10 2021.10/bin/../lib/gcc/arm-none-eabi/10.3.1/../../../../arm-none-eabi/lib/thumb/v6-m/nofp\libg.a(lib_a-mprec.o)
                0x1000bda8                __b2d
 .text.__d2b    0x1000be70       0xd8 c:/program files (x86)/gnu arm embedded toolchain/10 2021.10/bin/../lib/gcc/arm-none-eabi/10.3.1/../../../../arm-none-eabi/lib/thumb/v6-m/nofp\libg.a(lib_a-mprec.o)
                0x1000be70                __d2b
 .text.__ratio  0x1000bf48       0x68 c:/program files (x86)/gnu arm embedded toolchain/10 2021.10/bin/../lib/gcc/arm-none-eabi/10.3.1/../../../../arm-none-eabi/lib/thumb/v6-m/nofp\libg.a(lib_a-mprec.o)
                0x1000bf48                __ratio
 .text.__copybits
                0x1000bfb0       0x40 c:/program files (x86)/gnu arm embedded toolchain/10 2021.10/bin/../lib/gcc/arm-none-eabi/10.3.1/../../../../arm-none-eabi/lib/thumb/v6-m/nofp\libg.a(lib_a-mprec.o)
                0x1000bfb0                __copybits
 .text.__any_on
                0x1000bff0       0x50 c:/program files (x86)/gnu arm embedded toolchain/10 2021.10/bin/../lib/gcc/arm-none-eabi/10.3.1/../../../../arm-none-eabi/lib/thumb/v6-m/nofp\libg.a(lib_a-mprec.o)
                0x1000bff0                __any_on
 .text.nan      0x1000c040        0xc c:/program files (x86)/gnu arm embedded toolchain/10 2021.10/bin/../lib/gcc/arm-none-eabi/10.3.1/../../../../arm-none-eabi/lib/thumb/v6-m/nofp\libg.a(lib_a-s_nan.o)
                0x1000c040                nan
 *(.fini)
 .fini          0x1000c04c        0x4 c:/program files (x86)/gnu arm embedded toolchain/10 2021.10/bin/../lib/gcc/arm-none-eabi/10.3.1/thumb/v6-m/nofp/crti.o
                0x1000c04c                _fini
 .fini.__stub   0x1000c050       0xd0 linker stubs
 *crtbegin.o(.ctors)
 *crtbegin?.o(.ctors)
 *(EXCLUDE_FILE(*crtend.o *crtend?.o) .ctors)
 *(SORT_BY_NAME(.ctors.*))
 *(.ctors)
 *crtbegin.o(.dtors)
 *crtbegin?.o(.dtors)
 *(EXCLUDE_FILE(*crtend.o *crtend?.o) .dtors)
 *(SORT_BY_NAME(.dtors.*))
 *(.dtors)
                0x1000c120                . = ALIGN (0x4)
                0x1000c120                PROVIDE (__preinit_array_start = .)
 *(SORT_BY_NAME(.preinit_array.*))
 .preinit_array.00100
                0x1000c120        0x4 CMakeFiles/02_control.dir/C_/Repositories/pico/pico-sdk/src/rp2_common/pico_runtime_init/runtime_init.c.obj
                0x1000c120                __pre_init_runtime_init_early_resets
 .preinit_array.00101
                0x1000c124        0x4 CMakeFiles/02_control.dir/C_/Repositories/pico/pico-sdk/src/rp2_common/pico_runtime_init/runtime_init.c.obj
                0x1000c124                __pre_init_runtime_init_usb_power_down
 .preinit_array.00275
                0x1000c128        0x4 CMakeFiles/02_control.dir/C_/Repositories/pico/pico-sdk/src/rp2_common/pico_bit_ops/bit_ops_aeabi.S.obj
 .preinit_array.00300
                0x1000c12c        0x4 CMakeFiles/02_control.dir/C_/Repositories/pico/pico-sdk/src/rp2_common/pico_mem_ops/mem_ops_aeabi.S.obj
 .preinit_array.00350
                0x1000c130        0x4 CMakeFiles/02_control.dir/C_/Repositories/pico/pico-sdk/src/rp2_common/pico_double/double_aeabi_rp2040.S.obj
 .preinit_array.00350
                0x1000c134        0x4 CMakeFiles/02_control.dir/C_/Repositories/pico/pico-sdk/src/rp2_common/pico_float/float_aeabi_rp2040.S.obj
 .preinit_array.00500
                0x1000c138        0x4 CMakeFiles/02_control.dir/C_/Repositories/pico/pico-sdk/src/rp2_common/pico_runtime_init/runtime_init.c.obj
                0x1000c138                __pre_init_runtime_init_clocks
 .preinit_array.00600
                0x1000c13c        0x4 CMakeFiles/02_control.dir/C_/Repositories/pico/pico-sdk/src/rp2_common/pico_runtime_init/runtime_init.c.obj
                0x1000c13c                __pre_init_runtime_init_post_clock_resets
 .preinit_array.00700
                0x1000c140        0x4 CMakeFiles/02_control.dir/C_/Repositories/pico/pico-sdk/src/rp2_common/pico_runtime_init/runtime_init.c.obj
                0x1000c140                __pre_init_runtime_init_rp2040_gpio_ie_disable
 .preinit_array.01000
                0x1000c144        0x4 CMakeFiles/02_control.dir/C_/Repositories/pico/pico-sdk/src/rp2_common/pico_runtime_init/runtime_init.c.obj
                0x1000c144                __pre_init_runtime_init_spin_locks_reset
 .preinit_array.01100
                0x1000c148        0x4 CMakeFiles/02_control.dir/C_/Repositories/pico/pico-sdk/src/common/pico_sync/mutex.c.obj
                0x1000c148                __pre_init_runtime_init_mutex
 .preinit_array.10080
                0x1000c14c        0x4 CMakeFiles/02_control.dir/C_/Repositories/pico/pico-sdk/src/rp2_common/pico_runtime_init/runtime_init.c.obj
                0x1000c14c                __pre_init_runtime_init_install_ram_vector_table
 .preinit_array.11000
                0x1000c150        0x4 CMakeFiles/02_control.dir/C_/Repositories/pico/pico-sdk/src/common/pico_time/time.c.obj
                0x1000c150                __pre_init_runtime_init_default_alarm_pool
 .preinit_array.YYYYY
                0x1000c154        0x4 CMakeFiles/02_control.dir/C_/Repositories/pico/pico-sdk/src/rp2_common/pico_runtime/runtime.c.obj
                0x1000c154                __pre_init_first_per_core_initializer
 .preinit_array.ZZZZZ.01200
                0x1000c158        0x4 CMakeFiles/02_control.dir/C_/Repositories/pico/pico-sdk/src/rp2_common/hardware_irq/irq.c.obj
                0x1000c158                __pre_init_runtime_init_per_core_irq_priorities
 *(.preinit_array)
                0x1000c15c                PROVIDE (__preinit_array_end = .)
                0x1000c15c                . = ALIGN (0x4)
                0x1000c15c                PROVIDE (__init_array_start = .)
 *(SORT_BY_NAME(.init_array.*))
 .init_array.01000
                0x1000c15c        0x4 CMakeFiles/02_control.dir/C_/Repositories/pico/pico-sdk/src/rp2_common/pico_unique_id/unique_id.c.obj
 *(.init_array)
 .init_array    0x1000c160        0x4 c:/program files (x86)/gnu arm embedded toolchain/10 2021.10/bin/../lib/gcc/arm-none-eabi/10.3.1/thumb/v6-m/nofp/crtbegin.o
                0x1000c164                PROVIDE (__init_array_end = .)
                0x1000c164                . = ALIGN (0x4)
                [!provide]                PROVIDE (__fini_array_start = .)
 *(SORT_BY_NAME(.fini_array.*))
 *(.fini_array)
                [!provide]                PROVIDE (__fini_array_end = .)
 *(.eh_frame*)
 .eh_frame      0x1000c164        0x0 c:/program files (x86)/gnu arm embedded toolchain/10 2021.10/bin/../lib/gcc/arm-none-eabi/10.3.1/thumb/v6-m/nofp/crtbegin.o
                0x1000c164                . = ALIGN (0x4)

.glue_7         0x1000c164        0x0
 .glue_7        0x1000c164        0x0 linker stubs

.glue_7t        0x1000c164        0x0
 .glue_7t       0x1000c164        0x0 linker stubs

.vfp11_veneer   0x1000c164        0x0
 .vfp11_veneer  0x1000c164        0x0 linker stubs

.v4_bx          0x1000c164        0x0
 .v4_bx         0x1000c164        0x0 linker stubs

.iplt           0x1000c164        0x0
 .iplt          0x1000c164        0x0 c:/program files (x86)/gnu arm embedded toolchain/10 2021.10/bin/../lib/gcc/arm-none-eabi/10.3.1/thumb/v6-m/nofp/crtbegin.o

.rodata         0x1000c168     0x1334
 *(EXCLUDE_FILE(*libm.a: *libc.a:*lib_a-mem*.o *libgcc.a:) .rodata*)
 .rodata.version_callback.str1.4
                0x1000c168       0x41 CMakeFiles/02_control.dir/main.c.obj
 *fill*         0x1000c1a9        0x3 
 .rodata.led_on_callback.str1.4
                0x1000c1ac        0xe CMakeFiles/02_control.dir/main.c.obj
 *fill*         0x1000c1ba        0x2 
 .rodata.led_off_callback.str1.4
                0x1000c1bc        0xf CMakeFiles/02_control.dir/main.c.obj
 *fill*         0x1000c1cb        0x1 
 .rodata.led_blink_callback.str1.4
                0x1000c1cc       0x15 CMakeFiles/02_control.dir/main.c.obj
 *fill*         0x1000c1e1        0x3 
 .rodata.mem_callback.str1.4
                0x1000c1e4       0x5c CMakeFiles/02_control.dir/main.c.obj
 .rodata.wmem_callback.str1.4
                0x1000c240       0x62 CMakeFiles/02_control.dir/main.c.obj
 *fill*         0x1000c2a2        0x2 
 .rodata.led_blink_set_period_ms_callback.str1.4
                0x1000c2a4       0x43 CMakeFiles/02_control.dir/main.c.obj
 *fill*         0x1000c2e7        0x1 
 .rodata.help_callback.str1.4
                0x1000c2e8       0x26 CMakeFiles/02_control.dir/main.c.obj
 *fill*         0x1000c30e        0x2 
 .rodata.str1.4
                0x1000c310      0x133 CMakeFiles/02_control.dir/main.c.obj
 *fill*         0x1000c443        0x1 
 .rodata.stdio_task_handle.str1.4
                0x1000c444       0x17 CMakeFiles/02_control.dir/stdio-task/stdio-task.c.obj
 *fill*         0x1000c45b        0x1 
 .rodata.protocol_task_handle.str1.4
                0x1000c45c       0x3d CMakeFiles/02_control.dir/protocol-task/protocol-task.c.obj
                                 0x41 (size before relaxing)
 *fill*         0x1000c499        0x3 
 .rodata.panic.str1.4
                0x1000c49c       0x10 CMakeFiles/02_control.dir/C_/Repositories/pico/pico-sdk/src/rp2_common/pico_platform_panic/panic.c.obj
                                 0x12 (size before relaxing)
 .rodata.spin_lock_claim_unused.str1.4
                0x1000c4ac       0x1b CMakeFiles/02_control.dir/C_/Repositories/pico/pico-sdk/src/rp2_common/hardware_sync/sync.c.obj
 *fill*         0x1000c4c7        0x1 
 .rodata.user_irq_claim_unused.str1.4
                0x1000c4c8       0x1b CMakeFiles/02_control.dir/C_/Repositories/pico/pico-sdk/src/rp2_common/hardware_irq/irq.c.obj
 *fill*         0x1000c4e3        0x1 
 .rodata.timer_hardware_alarm_claim.str1.4
                0x1000c4e4       0x22 CMakeFiles/02_control.dir/C_/Repositories/pico/pico-sdk/src/rp2_common/hardware_timer/timer.c.obj
 *fill*         0x1000c506        0x2 
 .rodata.hard_assertion_failure.str1.4
                0x1000c508        0xc CMakeFiles/02_control.dir/C_/Repositories/pico/pico-sdk/src/rp2_common/pico_runtime/runtime.c.obj
 .rodata.__wrap_malloc.str1.4
                0x1000c514        0xe CMakeFiles/02_control.dir/C_/Repositories/pico/pico-sdk/src/rp2_common/pico_malloc/malloc.c.obj
 *fill*         0x1000c522        0x2 
 .rodata.str1.4
                0x1000c524       0x40 CMakeFiles/02_control.dir/C_/Repositories/pico/pico-sdk/src/rp2_common/pico_standard_binary_info/standard_binary_info.c.obj
 .rodata.__bi_26
                0x1000c564        0xc CMakeFiles/02_control.dir/C_/Repositories/pico/pico-sdk/src/rp2_common/pico_standard_binary_info/standard_binary_info.c.obj
 .rodata.__bi_34
                0x1000c570        0xc CMakeFiles/02_control.dir/C_/Repositories/pico/pico-sdk/src/rp2_common/pico_standard_binary_info/standard_binary_info.c.obj
 .rodata.__bi_42
                0x1000c57c        0xc CMakeFiles/02_control.dir/C_/Repositories/pico/pico-sdk/src/rp2_common/pico_standard_binary_info/standard_binary_info.c.obj
 .rodata.__bi_48
                0x1000c588        0xc CMakeFiles/02_control.dir/C_/Repositories/pico/pico-sdk/src/rp2_common/pico_standard_binary_info/standard_binary_info.c.obj
 .rodata.__bi_54
                0x1000c594        0xc CMakeFiles/02_control.dir/C_/Repositories/pico/pico-sdk/src/rp2_common/pico_standard_binary_info/standard_binary_info.c.obj
 .rodata.__bi_78
                0x1000c5a0        0xc CMakeFiles/02_control.dir/C_/Repositories/pico/pico-sdk/src/rp2_common/pico_standard_binary_info/standard_binary_info.c.obj
 .rodata.__bi_84
                0x1000c5ac        0xc CMakeFiles/02_control.dir/C_/Repositories/pico/pico-sdk/src/rp2_common/pico_standard_binary_info/standard_binary_info.c.obj
 .rodata._ftoa.str1.4
                0x1000c5b8       0x15 CMakeFiles/02_control.dir/C_/Repositories/pico/pico-sdk/src/rp2_common/pico_printf/printf.c.obj
 *fill*         0x1000c5cd        0x3 
 .rodata._vsnprintf
                0x1000c5d0      0x1e0 CMakeFiles/02_control.dir/C_/Repositories/pico/pico-sdk/src/rp2_common/pico_printf/printf.c.obj
 .rodata.pow10.0
                0x1000c7b0       0x50 CMakeFiles/02_control.dir/C_/Repositories/pico/pico-sdk/src/rp2_common/pico_printf/printf.c.obj
 .rodata.__assert_func.str1.4
                0x1000c800       0x3f CMakeFiles/02_control.dir/C_/Repositories/pico/pico-sdk/src/rp2_common/pico_clib_interface/newlib_interface.c.obj
                                 0x43 (size before relaxing)
 *fill*         0x1000c83f        0x1 
 .rodata.crlf_str.0
                0x1000c840        0x2 CMakeFiles/02_control.dir/C_/Repositories/pico/pico-sdk/src/rp2_common/pico_stdio/stdio.c.obj
 *fill*         0x1000c842        0x2 
 .rodata._resetd_driver
                0x1000c844       0x20 CMakeFiles/02_control.dir/C_/Repositories/pico/pico-sdk/src/rp2_common/pico_stdio_usb/reset_interface.c.obj
 .rodata.desc_bos
                0x1000c864       0x21 CMakeFiles/02_control.dir/C_/Repositories/pico/pico-sdk/src/rp2_common/pico_stdio_usb/reset_interface.c.obj
                0x1000c864                desc_bos
 *fill*         0x1000c885        0x3 
 .rodata.desc_ms_os_20
                0x1000c888       0xa6 CMakeFiles/02_control.dir/C_/Repositories/pico/pico-sdk/src/rp2_common/pico_stdio_usb/reset_interface.c.obj
 *fill*         0x1000c92e        0x2 
 .rodata.str1.4
                0x1000c930       0x13 CMakeFiles/02_control.dir/C_/Repositories/pico/pico-sdk/src/rp2_common/pico_stdio_usb/stdio_usb.c.obj
 *fill*         0x1000c943        0x1 
 .rodata.__bi_202.0
                0x1000c944        0xc CMakeFiles/02_control.dir/C_/Repositories/pico/pico-sdk/src/rp2_common/pico_stdio_usb/stdio_usb.c.obj
 .rodata.str1.4
                0x1000c950       0x2a CMakeFiles/02_control.dir/C_/Repositories/pico/pico-sdk/src/rp2_common/pico_stdio_usb/stdio_usb_descriptors.c.obj
 *fill*         0x1000c97a        0x2 
 .rodata.usbd_desc_cfg
                0x1000c97c       0x54 CMakeFiles/02_control.dir/C_/Repositories/pico/pico-sdk/src/rp2_common/pico_stdio_usb/stdio_usb_descriptors.c.obj
 .rodata.usbd_desc_device
                0x1000c9d0       0x12 CMakeFiles/02_control.dir/C_/Repositories/pico/pico-sdk/src/rp2_common/pico_stdio_usb/stdio_usb_descriptors.c.obj
 *fill*         0x1000c9e2        0x2 
 .rodata.usbd_desc_str
                0x1000c9e4       0x18 CMakeFiles/02_control.dir/C_/Repositories/pico/pico-sdk/src/rp2_common/pico_stdio_usb/stdio_usb_descriptors.c.obj
 .rodata.str1.4
                0x1000c9fc       0x14 CMakeFiles/02_control.dir/C_/Repositories/pico/pico-sdk/lib/tinyusb/src/portable/raspberrypi/rp2040/dcd_rp2040.c.obj
 .rodata.str1.4
                0x1000ca10       0x48 CMakeFiles/02_control.dir/C_/Repositories/pico/pico-sdk/lib/tinyusb/src/portable/raspberrypi/rp2040/rp2040_usb.c.obj
 .rodata.tud_task_ext
                0x1000ca58       0x8c CMakeFiles/02_control.dir/C_/Repositories/pico/pico-sdk/lib/tinyusb/src/device/usbd.c.obj
 .rodata        0x1000cae4       0x1c CMakeFiles/02_control.dir/C_/Repositories/pico/pico-sdk/lib/tinyusb/src/device/usbd.c.obj
 .rodata._usbd_driver
                0x1000cb00       0x40 CMakeFiles/02_control.dir/C_/Repositories/pico/pico-sdk/lib/tinyusb/src/device/usbd.c.obj
 .rodata.__ssvfscanf_r.str1.4
                0x1000cb40        0x5 c:/program files (x86)/gnu arm embedded toolchain/10 2021.10/bin/../lib/gcc/arm-none-eabi/10.3.1/../../../../arm-none-eabi/lib/thumb/v6-m/nofp\libg.a(lib_a-svfscanf.o)
                                  0x9 (size before relaxing)
 *fill*         0x1000cb45        0x3 
 .rodata.__ssvfscanf_r
                0x1000cb48      0x3cc c:/program files (x86)/gnu arm embedded toolchain/10 2021.10/bin/../lib/gcc/arm-none-eabi/10.3.1/../../../../arm-none-eabi/lib/thumb/v6-m/nofp\libg.a(lib_a-svfscanf.o)
 .rodata.basefix.0
                0x1000cf14       0x22 c:/program files (x86)/gnu arm embedded toolchain/10 2021.10/bin/../lib/gcc/arm-none-eabi/10.3.1/../../../../arm-none-eabi/lib/thumb/v6-m/nofp\libg.a(lib_a-svfscanf.o)
 *fill*         0x1000cf36        0x2 
 .rodata._ctype_
                0x1000cf38      0x101 c:/program files (x86)/gnu arm embedded toolchain/10 2021.10/bin/../lib/gcc/arm-none-eabi/10.3.1/../../../../arm-none-eabi/lib/thumb/v6-m/nofp\libg.a(lib_a-ctype_.o)
                0x1000cf38                _ctype_
 *fill*         0x1000d039        0x3 
 .rodata._setlocale_r.str1.4
                0x1000d03c        0x6 c:/program files (x86)/gnu arm embedded toolchain/10 2021.10/bin/../lib/gcc/arm-none-eabi/10.3.1/../../../../arm-none-eabi/lib/thumb/v6-m/nofp\libg.a(lib_a-locale.o)
                                  0xd (size before relaxing)
 *fill*         0x1000d042        0x2 
 .rodata.str1.4
                0x1000d044        0x2 c:/program files (x86)/gnu arm embedded toolchain/10 2021.10/bin/../lib/gcc/arm-none-eabi/10.3.1/../../../../arm-none-eabi/lib/thumb/v6-m/nofp\libg.a(lib_a-locale.o)
 .rodata._mbrtowc_r.str1.4
                0x1000d046        0x1 c:/program files (x86)/gnu arm embedded toolchain/10 2021.10/bin/../lib/gcc/arm-none-eabi/10.3.1/../../../../arm-none-eabi/lib/thumb/v6-m/nofp\libg.a(lib_a-mbrtowc.o)
 *fill*         0x1000d046        0x2 
 .rodata._strtod_l.str1.4
                0x1000d048        0xf c:/program files (x86)/gnu arm embedded toolchain/10 2021.10/bin/../lib/gcc/arm-none-eabi/10.3.1/../../../../arm-none-eabi/lib/thumb/v6-m/nofp\libg.a(lib_a-strtod.o)
                                 0x11 (size before relaxing)
 *fill*         0x1000d057        0x1 
 .rodata._strtod_l
                0x1000d058       0xd0 c:/program files (x86)/gnu arm embedded toolchain/10 2021.10/bin/../lib/gcc/arm-none-eabi/10.3.1/../../../../arm-none-eabi/lib/thumb/v6-m/nofp\libg.a(lib_a-strtod.o)
 .rodata.fpi.1  0x1000d128       0x14 c:/program files (x86)/gnu arm embedded toolchain/10 2021.10/bin/../lib/gcc/arm-none-eabi/10.3.1/../../../../arm-none-eabi/lib/thumb/v6-m/nofp\libg.a(lib_a-strtod.o)
 .rodata.fpinan.0
                0x1000d13c       0x14 c:/program files (x86)/gnu arm embedded toolchain/10 2021.10/bin/../lib/gcc/arm-none-eabi/10.3.1/../../../../arm-none-eabi/lib/thumb/v6-m/nofp\libg.a(lib_a-strtod.o)
 .rodata.tinytens
                0x1000d150       0x28 c:/program files (x86)/gnu arm embedded toolchain/10 2021.10/bin/../lib/gcc/arm-none-eabi/10.3.1/../../../../arm-none-eabi/lib/thumb/v6-m/nofp\libg.a(lib_a-strtod.o)
 .rodata.__gethex.str1.4
                0x1000d178       0x9a c:/program files (x86)/gnu arm embedded toolchain/10 2021.10/bin/../lib/gcc/arm-none-eabi/10.3.1/../../../../arm-none-eabi/lib/thumb/v6-m/nofp\libg.a(lib_a-gdtoa-gethex.o)
 *fill*         0x1000d212        0x2 
 .rodata.__hexdig
                0x1000d214      0x100 c:/program files (x86)/gnu arm embedded toolchain/10 2021.10/bin/../lib/gcc/arm-none-eabi/10.3.1/../../../../arm-none-eabi/lib/thumb/v6-m/nofp\libg.a(lib_a-gdtoa-gethex.o)
                0x1000d214                __hexdig
 .rodata.str1.4
                0x1000d314        0x5 c:/program files (x86)/gnu arm embedded toolchain/10 2021.10/bin/../lib/gcc/arm-none-eabi/10.3.1/../../../../arm-none-eabi/lib/thumb/v6-m/nofp\libg.a(lib_a-lnumeric.o)
 .rodata._C_numeric_locale